Archive member included to satisfy reference by file (symbol)

/opt/gcc-arm-none-eabi-9-2020-q2-update/bin/../lib/gcc/arm-none-eabi/9.3.1/thumb/v7e-m/nofp/libgcc.a(_arm_mulsf3.o)
                              ./src/pid.o (__aeabi_fmul)
/opt/gcc-arm-none-eabi-9-2020-q2-update/bin/../lib/gcc/arm-none-eabi/9.3.1/thumb/v7e-m/nofp/libgcc.a(_arm_addsubdf3.o)
                              ./src/main.o (__aeabi_dsub)
/opt/gcc-arm-none-eabi-9-2020-q2-update/bin/../lib/gcc/arm-none-eabi/9.3.1/thumb/v7e-m/nofp/libgcc.a(_arm_truncdfsf2.o)
                              ./src/main.o (__aeabi_d2f)
/opt/gcc-arm-none-eabi-9-2020-q2-update/bin/../lib/gcc/arm-none-eabi/9.3.1/thumb/v7e-m/nofp/libgcc.a(_arm_addsubsf3.o)
                              ./src/LookUp.o (__aeabi_fsub)
/opt/gcc-arm-none-eabi-9-2020-q2-update/bin/../lib/gcc/arm-none-eabi/9.3.1/thumb/v7e-m/nofp/libgcc.a(_arm_muldivsf3.o)
                              ./src/pid.o (__aeabi_fdiv)
/opt/gcc-arm-none-eabi-9-2020-q2-update/bin/../lib/gcc/arm-none-eabi/9.3.1/thumb/v7e-m/nofp/libgcc.a(_arm_cmpsf2.o)
                              ./src/LookUp.o (__aeabi_fcmpeq)
/opt/gcc-arm-none-eabi-9-2020-q2-update/bin/../lib/gcc/arm-none-eabi/9.3.1/thumb/v7e-m/nofp/libgcc.a(_arm_fixsfsi.o)
                              ./src/LookUp.o (__aeabi_f2iz)
/opt/gcc-arm-none-eabi-9-2020-q2-update/bin/../lib/gcc/arm-none-eabi/9.3.1/../../../../arm-none-eabi/lib/thumb/v7e-m/nofp/libg_nano.a(lib_a-errno.o)
                              ./system/src/newlib/_sbrk.o (__errno)
/opt/gcc-arm-none-eabi-9-2020-q2-update/bin/../lib/gcc/arm-none-eabi/9.3.1/../../../../arm-none-eabi/lib/thumb/v7e-m/nofp/libg_nano.a(lib_a-impure.o)
                              /opt/gcc-arm-none-eabi-9-2020-q2-update/bin/../lib/gcc/arm-none-eabi/9.3.1/../../../../arm-none-eabi/lib/thumb/v7e-m/nofp/libg_nano.a(lib_a-errno.o) (_impure_ptr)
/opt/gcc-arm-none-eabi-9-2020-q2-update/bin/../lib/gcc/arm-none-eabi/9.3.1/../../../../arm-none-eabi/lib/thumb/v7e-m/nofp/libg_nano.a(lib_a-memcpy-stub.o)
                              ./src/FreeRTOS/queue.o (memcpy)
/opt/gcc-arm-none-eabi-9-2020-q2-update/bin/../lib/gcc/arm-none-eabi/9.3.1/../../../../arm-none-eabi/lib/thumb/v7e-m/nofp/libg_nano.a(lib_a-memset.o)
                              ./src/FreeRTOS/stream_buffer.o (memset)
/opt/gcc-arm-none-eabi-9-2020-q2-update/bin/../lib/gcc/arm-none-eabi/9.3.1/../../../../arm-none-eabi/lib/thumb/v7e-m/nofp/libg_nano.a(lib_a-nano-vfprintf_float.o)
                              (_printf_float)
/opt/gcc-arm-none-eabi-9-2020-q2-update/bin/../lib/gcc/arm-none-eabi/9.3.1/../../../../arm-none-eabi/lib/thumb/v7e-m/nofp/libg_nano.a(lib_a-nano-vfprintf_i.o)
                              /opt/gcc-arm-none-eabi-9-2020-q2-update/bin/../lib/gcc/arm-none-eabi/9.3.1/../../../../arm-none-eabi/lib/thumb/v7e-m/nofp/libg_nano.a(lib_a-nano-vfprintf_float.o) (_printf_common)
/opt/gcc-arm-none-eabi-9-2020-q2-update/bin/../lib/gcc/arm-none-eabi/9.3.1/../../../../arm-none-eabi/lib/thumb/v7e-m/nofp/libg_nano.a(lib_a-nano-vfscanf_float.o)
                              (_scanf_float)
/opt/gcc-arm-none-eabi-9-2020-q2-update/bin/../lib/gcc/arm-none-eabi/9.3.1/../../../../arm-none-eabi/lib/thumb/v7e-m/nofp/libg_nano.a(lib_a-sf_nan.o)
                              /opt/gcc-arm-none-eabi-9-2020-q2-update/bin/../lib/gcc/arm-none-eabi/9.3.1/../../../../arm-none-eabi/lib/thumb/v7e-m/nofp/libg_nano.a(lib_a-nano-vfscanf_float.o) (nanf)
/opt/gcc-arm-none-eabi-9-2020-q2-update/bin/../lib/gcc/arm-none-eabi/9.3.1/../../../../arm-none-eabi/lib/thumb/v7e-m/nofp/libg_nano.a(lib_a-sprintf.o)
                              /opt/gcc-arm-none-eabi-9-2020-q2-update/bin/../lib/gcc/arm-none-eabi/9.3.1/../../../../arm-none-eabi/lib/thumb/v7e-m/nofp/libg_nano.a(lib_a-nano-vfscanf_float.o) (sprintf)
/opt/gcc-arm-none-eabi-9-2020-q2-update/bin/../lib/gcc/arm-none-eabi/9.3.1/../../../../arm-none-eabi/lib/thumb/v7e-m/nofp/libg_nano.a(lib_a-strlen.o)
                              ./system/src/diag/Trace.o (strlen)
/opt/gcc-arm-none-eabi-9-2020-q2-update/bin/../lib/gcc/arm-none-eabi/9.3.1/../../../../arm-none-eabi/lib/thumb/v7e-m/nofp/libg_nano.a(lib_a-strtod.o)
                              /opt/gcc-arm-none-eabi-9-2020-q2-update/bin/../lib/gcc/arm-none-eabi/9.3.1/../../../../arm-none-eabi/lib/thumb/v7e-m/nofp/libg_nano.a(lib_a-nano-vfscanf_float.o) (_strtod_r)
/opt/gcc-arm-none-eabi-9-2020-q2-update/bin/../lib/gcc/arm-none-eabi/9.3.1/../../../../arm-none-eabi/lib/thumb/v7e-m/nofp/libg_nano.a(lib_a-strtol.o)
                              /opt/gcc-arm-none-eabi-9-2020-q2-update/bin/../lib/gcc/arm-none-eabi/9.3.1/../../../../arm-none-eabi/lib/thumb/v7e-m/nofp/libg_nano.a(lib_a-nano-vfscanf_float.o) (_strtol_r)
/opt/gcc-arm-none-eabi-9-2020-q2-update/bin/../lib/gcc/arm-none-eabi/9.3.1/../../../../arm-none-eabi/lib/thumb/v7e-m/nofp/libg_nano.a(lib_a-vsnprintf.o)
                              ./system/src/diag/Trace.o (vsnprintf)
[...]
Memory Configuration

Name             Origin             Length             Attributes
RAM              0x0000000020000000 0x0000000000020000 xrw
CCMRAM           0x0000000010000000 0x0000000000010000 xrw
FLASH            0x0000000008000000 0x0000000000100000 xr
FLASHB1          0x0000000000000000 0x0000000000000000 xr
EXTMEMB0         0x0000000000000000 0x0000000000000000 xr
EXTMEMB1         0x0000000000000000 0x0000000000000000 xr
EXTMEMB2         0x0000000000000000 0x0000000000000000 xr
EXTMEMB3         0x0000000000000000 0x0000000000000000 xr
MEMORY_ARRAY     0x0000000020002000 0x0000000000000020 xrw
*default*        0x0000000000000000 0xffffffffffffffff

Linker script and memory map

LOAD ./system/src/stm32f4-hal/stm32f4xx_hal.o
LOAD ./system/src/stm32f4-hal/stm32f4xx_hal_cortex.o
LOAD ./system/src/stm32f4-hal/stm32f4xx_hal_dfsdm.o
LOAD ./system/src/stm32f4-hal/stm32f4xx_hal_flash.o
LOAD ./system/src/stm32f4-hal/stm32f4xx_hal_flash_ex.o
LOAD ./system/src/stm32f4-hal/stm32f4xx_hal_flash_ramfunc.o
LOAD ./system/src/stm32f4-hal/stm32f4xx_hal_gpio.o
LOAD ./system/src/stm32f4-hal/stm32f4xx_hal_iwdg.o
LOAD ./system/src/stm32f4-hal/stm32f4xx_hal_pwr.o
LOAD ./system/src/stm32f4-hal/stm32f4xx_hal_rcc.o
LOAD ./system/src/newlib/_cxx.o
LOAD ./system/src/newlib/_exit.o
LOAD ./system/src/newlib/_sbrk.o
LOAD ./system/src/newlib/_startup.o
LOAD ./system/src/newlib/_syscalls.o
LOAD ./system/src/newlib/assert.o
LOAD ./system/src/diag/Trace.o
LOAD ./system/src/diag/trace_impl.o
LOAD ./system/src/cortexm/_initialize_hardware.o
LOAD ./system/src/cortexm/_reset_hardware.o
LOAD ./system/src/cortexm/exception_handlers.o
LOAD ./system/src/cmsis/system_stm32f4xx.o
LOAD ./system/src/cmsis/vectors_stm32f407xx.o
LOAD ./src/FreeRTOS/portable/MemMang/heap_1.o
LOAD ./src/FreeRTOS/portable/GCC/ARM_CM3/port.o
LOAD ./src/FreeRTOS/croutine.o
LOAD ./src/FreeRTOS/event_groups.o
LOAD ./src/FreeRTOS/list.o
LOAD ./src/FreeRTOS/queue.o
LOAD ./src/FreeRTOS/stream_buffer.o
LOAD ./src/FreeRTOS/tasks.o
LOAD ./src/FreeRTOS/timers.o
LOAD ./src/BlinkLed.o
LOAD ./src/LookUp.o
LOAD ./src/Timer.o
LOAD ./src/_initialize_hardware.o
LOAD ./src/_write.o
LOAD ./src/control.o
LOAD ./src/main.o
LOAD ./src/pid.o
LOAD ./src/rtoshook.o
LOAD ./src/sensor.o
LOAD ./src/stm32f4xx_hal_msp.o
LOAD ./src/testdata.o
LOAD /opt/gcc-arm-none-eabi-9-2020-q2-update/bin/../lib/gcc/arm-none-eabi/9.3.1/../../../../arm-none-eabi/lib/thumb/v7e-m/nofp/libstdc++_nano.a
LOAD /opt/gcc-arm-none-eabi-9-2020-q2-update/bin/../lib/gcc/arm-none-eabi/9.3.1/../../../../arm-none-eabi/lib/thumb/v7e-m/nofp/libm.a
START GROUP
LOAD /opt/gcc-arm-none-eabi-9-2020-q2-update/bin/../lib/gcc/arm-none-eabi/9.3.1/thumb/v7e-m/nofp/libgcc.a
LOAD /opt/gcc-arm-none-eabi-9-2020-q2-update/bin/../lib/gcc/arm-none-eabi/9.3.1/../../../../arm-none-eabi/lib/thumb/v7e-m/nofp/libg_nano.a
LOAD /opt/gcc-arm-none-eabi-9-2020-q2-update/bin/../lib/gcc/arm-none-eabi/9.3.1/../../../../arm-none-eabi/lib/thumb/v7e-m/nofp/libc_nano.a
END GROUP
START GROUP
LOAD /opt/gcc-arm-none-eabi-9-2020-q2-update/bin/../lib/gcc/arm-none-eabi/9.3.1/thumb/v7e-m/nofp/libgcc.a
LOAD /opt/gcc-arm-none-eabi-9-2020-q2-update/bin/../lib/gcc/arm-none-eabi/9.3.1/../../../../arm-none-eabi/lib/thumb/v7e-m/nofp/libc_nano.a
END GROUP
                0x0000000020020000                __stack = (ORIGIN (RAM) + LENGTH (RAM))
                0x0000000020020000                _estack = __stack
                0x0000000000000400                __Main_Stack_Size = 0x400
                [!provide]                        PROVIDE (_Main_Stack_Size = __Main_Stack_Size)
                0x000000002001fc00                __Main_Stack_Limit = (__stack - __Main_Stack_Size)
                [!provide]                        PROVIDE (_Main_Stack_Limit = __Main_Stack_Limit)
                0x0000000000000100                _Minimum_Stack_Size = 0x100
                0x00000000200017f0                PROVIDE (_Heap_Begin = _end_noinit)
                0x000000002001fc00                PROVIDE (_Heap_Limit = (__stack - __Main_Stack_Size))

.isr_vector     0x0000000008000000      0x3e8
 FILL mask 0xff
                0x0000000008000000                __vectors_start = ABSOLUTE (.)
                0x0000000008000000                __vectors_start__ = ABSOLUTE (.)
 *(.isr_vector)
 .isr_vector    0x0000000008000000      0x188 ./system/src/cmsis/vectors_stm32f407xx.o
                0x0000000008000000                __isr_vectors
 *(.cfmconfig)
 *(.after_vectors .after_vectors.*)
 .after_vectors
                0x0000000008000188      0x130 ./system/src/newlib/_startup.o
                0x0000000008000188                _start
 .after_vectors
                0x00000000080002b8      0x12c ./system/src/cortexm/exception_handlers.o
                0x00000000080002b8                Reset_Handler
                0x00000000080002be                NMI_Handler
                0x00000000080002c2                HardFault_Handler
                0x00000000080002d6                HardFault_Handler_C
                0x0000000008000334                MemManage_Handler
                0x0000000008000338                BusFault_Handler
                0x000000000800034c                BusFault_Handler_C
                0x0000000008000380                UsageFault_Handler
                0x0000000008000394                UsageFault_Handler_C
                0x00000000080003cc                DebugMon_Handler
 .after_vectors
                0x00000000080003e4        0x4 ./system/src/cmsis/vectors_stm32f407xx.o
                0x00000000080003e4                RTC_Alarm_IRQHandler
                0x00000000080003e4                HASH_RNG_IRQHandler
                0x00000000080003e4                EXTI2_IRQHandler
                0x00000000080003e4                TIM8_CC_IRQHandler
                0x00000000080003e4                TIM1_CC_IRQHandler
                0x00000000080003e4                DMA2_Stream5_IRQHandler
                0x00000000080003e4                DMA1_Stream5_IRQHandler
                0x00000000080003e4                PVD_IRQHandler
                0x00000000080003e4                SDIO_IRQHandler
                0x00000000080003e4                TAMP_STAMP_IRQHandler
                0x00000000080003e4                CAN2_RX1_IRQHandler
                0x00000000080003e4                EXTI3_IRQHandler
                0x00000000080003e4                TIM8_TRG_COM_TIM14_IRQHandler
                0x00000000080003e4                TIM1_UP_TIM10_IRQHandler
                0x00000000080003e4                TIM8_UP_TIM13_IRQHandler
                0x00000000080003e4                I2C3_ER_IRQHandler
                0x00000000080003e4                EXTI0_IRQHandler
                0x00000000080003e4                I2C2_EV_IRQHandler
                0x00000000080003e4                DMA1_Stream2_IRQHandler
                0x00000000080003e4                CAN1_RX0_IRQHandler
                0x00000000080003e4                FPU_IRQHandler
                0x00000000080003e4                OTG_HS_WKUP_IRQHandler
                0x00000000080003e4                CAN2_SCE_IRQHandler
                0x00000000080003e4                DMA2_Stream2_IRQHandler
                0x00000000080003e4                SPI1_IRQHandler
                0x00000000080003e4                TIM6_DAC_IRQHandler
                0x00000000080003e4                TIM1_BRK_TIM9_IRQHandler
                0x00000000080003e4                DCMI_IRQHandler
                0x00000000080003e4                CAN2_RX0_IRQHandler
                0x00000000080003e4                DMA2_Stream3_IRQHandler
                0x00000000080003e4                USART6_IRQHandler
                0x00000000080003e4                USART3_IRQHandler
                0x00000000080003e4                CAN1_RX1_IRQHandler
                0x00000000080003e4                UART5_IRQHandler
                0x00000000080003e4                DMA2_Stream0_IRQHandler
                0x00000000080003e4                TIM4_IRQHandler
                0x00000000080003e4                I2C1_EV_IRQHandler
                0x00000000080003e4                DMA1_Stream6_IRQHandler
                0x00000000080003e4                DMA1_Stream1_IRQHandler
                0x00000000080003e4                UART4_IRQHandler
                0x00000000080003e4                TIM3_IRQHandler
                0x00000000080003e4                RCC_IRQHandler
                0x00000000080003e4                TIM8_BRK_TIM12_IRQHandler
                0x00000000080003e4                Default_Handler
                0x00000000080003e4                EXTI15_10_IRQHandler
                0x00000000080003e4                ADC_IRQHandler
                0x00000000080003e4                DMA1_Stream7_IRQHandler
                0x00000000080003e4                TIM7_IRQHandler
                0x00000000080003e4                CAN2_TX_IRQHandler
                0x00000000080003e4                TIM5_IRQHandler
                0x00000000080003e4                DMA2_Stream7_IRQHandler
                0x00000000080003e4                I2C3_EV_IRQHandler
                0x00000000080003e4                EXTI9_5_IRQHandler
                0x00000000080003e4                RTC_WKUP_IRQHandler
                0x00000000080003e4                ETH_WKUP_IRQHandler
                0x00000000080003e4                SPI2_IRQHandler
                0x00000000080003e4                OTG_HS_EP1_IN_IRQHandler
                0x00000000080003e4                DMA1_Stream0_IRQHandler
                0x00000000080003e4                CAN1_TX_IRQHandler
                0x00000000080003e4                EXTI4_IRQHandler
                0x00000000080003e4                ETH_IRQHandler
                0x00000000080003e4                OTG_HS_EP1_OUT_IRQHandler
                0x00000000080003e4                WWDG_IRQHandler
                0x00000000080003e4                TIM2_IRQHandler
                0x00000000080003e4                OTG_FS_WKUP_IRQHandler
                0x00000000080003e4                TIM1_TRG_COM_TIM11_IRQHandler
                0x00000000080003e4                OTG_HS_IRQHandler
                0x00000000080003e4                EXTI1_IRQHandler
                0x00000000080003e4                USART2_IRQHandler
                0x00000000080003e4                I2C2_ER_IRQHandler
                0x00000000080003e4                DMA2_Stream1_IRQHandler
                0x00000000080003e4                CAN1_SCE_IRQHandler
                0x00000000080003e4                FLASH_IRQHandler
                0x00000000080003e4                DMA2_Stream4_IRQHandler
                0x00000000080003e4                USART1_IRQHandler
                0x00000000080003e4                OTG_FS_IRQHandler
                0x00000000080003e4                SPI3_IRQHandler
                0x00000000080003e4                DMA1_Stream4_IRQHandler
                0x00000000080003e4                I2C1_ER_IRQHandler
                0x00000000080003e4                FMC_IRQHandler
                0x00000000080003e4                DMA2_Stream6_IRQHandler
                0x00000000080003e4                DMA1_Stream3_IRQHandler

.inits          0x00000000080003e8       0x2c
                0x00000000080003e8                __data_regions_array_start = .
                0x00000000080003e8        0x4 LONG 0x8008478 LOADADDR (.data)
                0x00000000080003ec        0x4 LONG 0x20000000 ADDR (.data)
                0x00000000080003f0        0x4 LONG 0x20000544 (ADDR (.data) + SIZEOF (.data))
                0x00000000080003f4        0x4 LONG 0x8008478 LOADADDR (.data_CCMRAM)
                0x00000000080003f8        0x4 LONG 0x10000000 ADDR (.data_CCMRAM)
                0x00000000080003fc        0x4 LONG 0x10000000 (ADDR (.data_CCMRAM) + SIZEOF (.data_CCMRAM))
                0x0000000008000400                __data_regions_array_end = .
                0x0000000008000400                __bss_regions_array_start = .
                0x0000000008000400        0x4 LONG 0x200014bc ADDR (.bss)
                0x0000000008000404        0x4 LONG 0x200017f0 (ADDR (.bss) + SIZEOF (.bss))
                0x0000000008000408        0x4 LONG 0x10000000 ADDR (.bss_CCMRAM)
                0x000000000800040c        0x4 LONG 0x10000000 (ADDR (.bss_CCMRAM) + SIZEOF (.bss_CCMRAM))
                0x0000000008000410                __bss_regions_array_end = .
 *(.init)
 *(.fini)
                0x0000000008000410                . = ALIGN (0x4)
                0x0000000008000410                PROVIDE (__preinit_array_start = .)
 *(.preinit_array_sysinit .preinit_array_sysinit.*)
 *(.preinit_array_platform .preinit_array_platform.*)
 *(.preinit_array .preinit_array.*)
                0x0000000008000410                PROVIDE (__preinit_array_end = .)
                0x0000000008000410                . = ALIGN (0x4)
                0x0000000008000410                PROVIDE (__init_array_start = .)
 *(SORT_BY_NAME(.init_array.*))
 *(.init_array)
 .init_array    0x0000000008000410        0x4 ./src/main.o
                0x0000000008000414                PROVIDE (__init_array_end = .)
                0x0000000008000414                . = ALIGN (0x4)
                0x0000000008000414                PROVIDE (__fini_array_start = .)
 *(SORT_BY_NAME(.fini_array.*))
 *(.fini_array)
                0x0000000008000414                PROVIDE (__fini_array_end = .)

.flashtext
 *(.flashtext .flashtext.*)

.text           0x0000000008000420     0x8055
 *(.text .text.*)
 .text.HAL_InitTick
                0x0000000008000420       0x2c ./system/src/stm32f4-hal/stm32f4xx_hal.o
                0x0000000008000420                HAL_InitTick
 .text.HAL_Init
                0x000000000800044c       0x34 ./system/src/stm32f4-hal/stm32f4xx_hal.o
                0x000000000800044c                HAL_Init
 .text.HAL_GetTick
                0x0000000008000480        0xc ./system/src/stm32f4-hal/stm32f4xx_hal.o
                0x0000000008000480                HAL_GetTick
 .text.HAL_NVIC_SetPriorityGrouping
                0x000000000800048c       0x3c ./system/src/stm32f4-hal/stm32f4xx_hal_cortex.o
                0x000000000800048c                HAL_NVIC_SetPriorityGrouping
 .text.HAL_NVIC_SetPriority
                0x00000000080004c8       0x8c ./system/src/stm32f4-hal/stm32f4xx_hal_cortex.o
                0x00000000080004c8                HAL_NVIC_SetPriority
 .text.HAL_SYSTICK_Config
                0x0000000008000554       0x2c ./system/src/stm32f4-hal/stm32f4xx_hal_cortex.o
                0x0000000008000554                HAL_SYSTICK_Config
 .text.HAL_SYSTICK_CLKSourceConfig
                0x0000000008000580       0x3c ./system/src/stm32f4-hal/stm32f4xx_hal_cortex.o
                0x0000000008000580                HAL_SYSTICK_CLKSourceConfig
 .text.HAL_RCC_OscConfig
                0x00000000080005bc      0x43c ./system/src/stm32f4-hal/stm32f4xx_hal_rcc.o
                0x00000000080005bc                HAL_RCC_OscConfig
 .text.HAL_RCC_GetSysClockFreq
                0x00000000080009f8       0x94 ./system/src/stm32f4-hal/stm32f4xx_hal_rcc.o
                0x00000000080009f8                HAL_RCC_GetSysClockFreq
 .text.HAL_RCC_ClockConfig
                0x0000000008000a8c      0x258 ./system/src/stm32f4-hal/stm32f4xx_hal_rcc.o
                0x0000000008000a8c                HAL_RCC_ClockConfig
 .text.HAL_RCC_GetHCLKFreq
                0x0000000008000ce4        0xc ./system/src/stm32f4-hal/stm32f4xx_hal_rcc.o
                0x0000000008000ce4                HAL_RCC_GetHCLKFreq
 .text._exit    0x0000000008000cf0        0x2 ./system/src/newlib/_exit.o
                0x0000000008000cf0                _exit
 *fill*         0x0000000008000cf2        0x2 
 .text.abort    0x0000000008000cf4       0x14 ./system/src/newlib/_exit.o
                0x0000000008000cf4                abort
 .text._sbrk    0x0000000008000d08       0x44 ./system/src/newlib/_sbrk.o
                0x0000000008000d08                _sbrk
 .text.__initialize_args
                0x0000000008000d4c       0x10 ./system/src/newlib/_syscalls.o
                0x0000000008000d4c                __initialize_args
 .text.__assert_func
                0x0000000008000d5c       0x38 ./system/src/newlib/assert.o
                0x0000000008000d5c                __assert_func
 .text.assert_failed
                0x0000000008000d94       0x14 ./system/src/newlib/assert.o
                0x0000000008000d94                assert_failed
 .text.trace_printf
                0x0000000008000da8       0x34 ./system/src/diag/Trace.o
                0x0000000008000da8                trace_printf
 .text.trace_puts
                0x0000000008000ddc       0x20 ./system/src/diag/Trace.o
                0x0000000008000ddc                trace_puts
 .text._trace_write_semihosting_debug
                0x0000000008000dfc       0x60 ./system/src/diag/trace_impl.o
 .text.trace_write
                0x0000000008000e5c        0x8 ./system/src/diag/trace_impl.o
                0x0000000008000e5c                trace_write
 .text.__initialize_hardware_early
                0x0000000008000e64       0x18 ./system/src/cortexm/_initialize_hardware.o
                0x0000000008000e64                __initialize_hardware_early
 .text.dumpExceptionStack
                0x0000000008000e7c       0xf4 ./system/src/cortexm/exception_handlers.o
                0x0000000008000e7c                dumpExceptionStack
 .text.isSemihosting
                0x0000000008000f70       0x20 ./system/src/cortexm/exception_handlers.o
                0x0000000008000f70                isSemihosting
 .text.SystemInit
                0x0000000008000f90       0x40 ./system/src/cmsis/system_stm32f4xx.o
                0x0000000008000f90                SystemInit
 .text.SystemCoreClockUpdate
                0x0000000008000fd0       0xa0 ./system/src/cmsis/system_stm32f4xx.o
                0x0000000008000fd0                SystemCoreClockUpdate
 .text.vPortFree
                0x0000000008001070       0x16 ./src/FreeRTOS/portable/MemMang/heap_1.o
                0x0000000008001070                vPortFree
 *fill*         0x0000000008001086        0x2 
 .text.prvTaskExitError
                0x0000000008001088       0x40 ./src/FreeRTOS/portable/GCC/ARM_CM3/port.o
 .text.prvPortStartFirstTask
                0x00000000080010c8       0x20 ./src/FreeRTOS/portable/GCC/ARM_CM3/port.o
 .text.pxPortInitialiseStack
                0x00000000080010e8       0x24 ./src/FreeRTOS/portable/GCC/ARM_CM3/port.o
                0x00000000080010e8                pxPortInitialiseStack
 *fill*         0x000000000800110c        0x4 
 .text.SVC_Handler
                0x0000000008001110       0x24 ./src/FreeRTOS/portable/GCC/ARM_CM3/port.o
                0x0000000008001110                SVC_Handler
 .text.vPortEnterCritical
                0x0000000008001134       0x44 ./src/FreeRTOS/portable/GCC/ARM_CM3/port.o
                0x0000000008001134                vPortEnterCritical
 .text.vPortExitCritical
                0x0000000008001178       0x2c ./src/FreeRTOS/portable/GCC/ARM_CM3/port.o
                0x0000000008001178                vPortExitCritical
 *fill*         0x00000000080011a4        0xc 
 .text.PendSV_Handler
                0x00000000080011b0       0x44 ./src/FreeRTOS/portable/GCC/ARM_CM3/port.o
                0x00000000080011b0                PendSV_Handler
 .text.SysTick_Handler
                0x00000000080011f4       0x2c ./src/FreeRTOS/portable/GCC/ARM_CM3/port.o
                0x00000000080011f4                SysTick_Handler
 .text.vPortSetupTimerInterrupt
                0x0000000008001220       0x38 ./src/FreeRTOS/portable/GCC/ARM_CM3/port.o
                0x0000000008001220                vPortSetupTimerInterrupt
 .text.xPortStartScheduler
                0x0000000008001258       0x38 ./src/FreeRTOS/portable/GCC/ARM_CM3/port.o
                0x0000000008001258                xPortStartScheduler
 .text.vPortValidateInterruptPriority
                0x0000000008001290       0x34 ./src/FreeRTOS/portable/GCC/ARM_CM3/port.o
                0x0000000008001290                vPortValidateInterruptPriority
 .text.vListInitialise
                0x00000000080012c4       0x16 ./src/FreeRTOS/list.o
                0x00000000080012c4                vListInitialise
 .text.vListInitialiseItem
                0x00000000080012da        0x6 ./src/FreeRTOS/list.o
                0x00000000080012da                vListInitialiseItem
 .text.vListInsertEnd
                0x00000000080012e0       0x16 ./src/FreeRTOS/list.o
                0x00000000080012e0                vListInsertEnd
 .text.vListInsert
                0x00000000080012f6       0x32 ./src/FreeRTOS/list.o
                0x00000000080012f6                vListInsert
 .text.uxListRemove
                0x0000000008001328       0x26 ./src/FreeRTOS/list.o
                0x0000000008001328                uxListRemove
 .text.prvIsQueueFull
                0x000000000800134e       0x1e ./src/FreeRTOS/queue.o
 .text.prvIsQueueEmpty
                0x000000000800136c       0x1a ./src/FreeRTOS/queue.o
 .text.prvCopyDataToQueue
                0x0000000008001386       0x76 ./src/FreeRTOS/queue.o
 .text.prvCopyDataFromQueue
                0x00000000080013fc       0x24 ./src/FreeRTOS/queue.o
 .text.prvUnlockQueue
                0x0000000008001420       0x6e ./src/FreeRTOS/queue.o
 *fill*         0x000000000800148e        0x2 
 .text.xQueueGenericReset
                0x0000000008001490       0x84 ./src/FreeRTOS/queue.o
                0x0000000008001490                xQueueGenericReset
 .text.prvInitialiseNewQueue
                0x0000000008001514       0x22 ./src/FreeRTOS/queue.o
 .text.xQueueGenericCreateStatic
                0x0000000008001536       0x94 ./src/FreeRTOS/queue.o
                0x0000000008001536                xQueueGenericCreateStatic
 *fill*         0x00000000080015ca        0x2 
 .text.xQueueGenericSend
                0x00000000080015cc      0x180 ./src/FreeRTOS/queue.o
                0x00000000080015cc                xQueueGenericSend
 .text.xQueueGenericSendFromISR
                0x000000000800174c       0xe6 ./src/FreeRTOS/queue.o
                0x000000000800174c                xQueueGenericSendFromISR
 *fill*         0x0000000008001832        0x2 
 .text.xQueueReceive
                0x0000000008001834      0x15c ./src/FreeRTOS/queue.o
                0x0000000008001834                xQueueReceive
 .text.vQueueAddToRegistry
                0x0000000008001990       0x28 ./src/FreeRTOS/queue.o
                0x0000000008001990                vQueueAddToRegistry
 .text.vQueueWaitForMessageRestricted
                0x00000000080019b8       0x52 ./src/FreeRTOS/queue.o
                0x00000000080019b8                vQueueWaitForMessageRestricted
 *fill*         0x0000000008001a0a        0x2 
 .text.prvResetNextTaskUnblockTime
                0x0000000008001a0c       0x28 ./src/FreeRTOS/tasks.o
 .text.prvInitialiseNewTask
                0x0000000008001a34       0xae ./src/FreeRTOS/tasks.o
 *fill*         0x0000000008001ae2        0x2 
 .text.prvInitialiseTaskLists
                0x0000000008001ae4       0x68 ./src/FreeRTOS/tasks.o
 .text.prvAddNewTaskToReadyList
                0x0000000008001b4c       0xac ./src/FreeRTOS/tasks.o
 .text.prvDeleteTCB
                0x0000000008001bf8       0x38 ./src/FreeRTOS/tasks.o
 .text.prvCheckTasksWaitingTermination
                0x0000000008001c30       0x4c ./src/FreeRTOS/tasks.o
 .text.prvAddCurrentTaskToDelayedList
                0x0000000008001c7c       0x98 ./src/FreeRTOS/tasks.o
 .text.prvIdleTask
                0x0000000008001d14       0x30 ./src/FreeRTOS/tasks.o
 .text.xTaskCreateStatic
                0x0000000008001d44       0x74 ./src/FreeRTOS/tasks.o
                0x0000000008001d44                xTaskCreateStatic
 .text.vTaskStartScheduler
                0x0000000008001db8       0x9c ./src/FreeRTOS/tasks.o
                0x0000000008001db8                vTaskStartScheduler
 .text.vTaskSuspendAll
                0x0000000008001e54       0x10 ./src/FreeRTOS/tasks.o
                0x0000000008001e54                vTaskSuspendAll
 .text.xTaskGetTickCount
                0x0000000008001e64        0xc ./src/FreeRTOS/tasks.o
                0x0000000008001e64                xTaskGetTickCount
 .text.xTaskIncrementTick
                0x0000000008001e70      0x12c ./src/FreeRTOS/tasks.o
                0x0000000008001e70                xTaskIncrementTick
 .text.xTaskResumeAll
                0x0000000008001f9c       0xf8 ./src/FreeRTOS/tasks.o
                0x0000000008001f9c                xTaskResumeAll
 .text.vTaskDelay
                0x0000000008002094       0x4c ./src/FreeRTOS/tasks.o
                0x0000000008002094                vTaskDelay
 .text.vTaskSwitchContext
                0x00000000080020e0       0xc8 ./src/FreeRTOS/tasks.o
                0x00000000080020e0                vTaskSwitchContext
 .text.vTaskPlaceOnEventList
                0x00000000080021a8       0x30 ./src/FreeRTOS/tasks.o
                0x00000000080021a8                vTaskPlaceOnEventList
 .text.vTaskPlaceOnEventListRestricted
                0x00000000080021d8       0x38 ./src/FreeRTOS/tasks.o
                0x00000000080021d8                vTaskPlaceOnEventListRestricted
 .text.xTaskRemoveFromEventList
                0x0000000008002210       0x8c ./src/FreeRTOS/tasks.o
                0x0000000008002210                xTaskRemoveFromEventList
 .text.vTaskInternalSetTimeOutState
                0x000000000800229c       0x18 ./src/FreeRTOS/tasks.o
                0x000000000800229c                vTaskInternalSetTimeOutState
 .text.xTaskCheckForTimeOut
                0x00000000080022b4       0x88 ./src/FreeRTOS/tasks.o
                0x00000000080022b4                xTaskCheckForTimeOut
 .text.vTaskMissedYield
                0x000000000800233c        0xc ./src/FreeRTOS/tasks.o
                0x000000000800233c                vTaskMissedYield
 .text.xTaskGetSchedulerState
                0x0000000008002348       0x20 ./src/FreeRTOS/tasks.o
                0x0000000008002348                xTaskGetSchedulerState
 .text.xTaskPriorityDisinherit
                0x0000000008002368       0xa8 ./src/FreeRTOS/tasks.o
                0x0000000008002368                xTaskPriorityDisinherit
 .text.prvGetNextExpireTime
                0x0000000008002410       0x20 ./src/FreeRTOS/timers.o
 .text.prvInsertTimerInActiveList
                0x0000000008002430       0x48 ./src/FreeRTOS/timers.o
 .text.prvCheckForValidListAndQueue
                0x0000000008002478       0x70 ./src/FreeRTOS/timers.o
 .text.xTimerCreateTimerTask
                0x00000000080024e8       0x64 ./src/FreeRTOS/timers.o
                0x00000000080024e8                xTimerCreateTimerTask
 .text.xTimerGenericCommand
                0x000000000800254c       0x6c ./src/FreeRTOS/timers.o
                0x000000000800254c                xTimerGenericCommand
 .text.prvSwitchTimerLists
                0x00000000080025b8       0x7c ./src/FreeRTOS/timers.o
 .text.prvSampleTimeNow
                0x0000000008002634       0x2c ./src/FreeRTOS/timers.o
 .text.prvProcessExpiredTimer
                0x0000000008002660       0x6c ./src/FreeRTOS/timers.o
 .text.prvProcessTimerOrBlockTask
                0x00000000080026cc       0x74 ./src/FreeRTOS/timers.o
 .text.prvProcessReceivedCommands
                0x0000000008002740       0xfc ./src/FreeRTOS/timers.o
 .text.prvTimerTask
                0x000000000800283c       0x16 ./src/FreeRTOS/timers.o
 .text._ZN8BlinkLedC2Ejjb
                0x0000000008002852       0x14 ./src/BlinkLed.o
                0x0000000008002852                BlinkLed::BlinkLed(unsigned int, unsigned int, bool)
                0x0000000008002852                BlinkLed::BlinkLed(unsigned int, unsigned int, bool)
 *fill*         0x0000000008002866        0x2 
 .text._ZN6LookUp7findkeyEf
                0x0000000008002868       0x88 ./src/LookUp.o
                0x0000000008002868                LookUp::findkey(float)
 .text.SystemClock_Config
                0x00000000080028f0       0x9c ./src/_initialize_hardware.o
                0x00000000080028f0                SystemClock_Config
 .text.__initialize_hardware
                0x000000000800298c       0x16 ./src/_initialize_hardware.o
                0x000000000800298c                __initialize_hardware
 .text._Z9task2funcPv
                0x00000000080029a2        0xa ./src/main.o
                0x00000000080029a2                task2func(void*)
 *fill*         0x00000000080029ac        0x4 
 .text._Z9task1funcPv
                0x00000000080029b0      0x20c ./src/main.o
                0x00000000080029b0                task1func(void*)
 .text._Z41__static_initialization_and_destruction_0ii
                0x0000000008002bbc       0x50 ./src/main.o
 .text.main     0x0000000008002c0c       0x5c ./src/main.o
                0x0000000008002c0c                main
 .text._GLOBAL__sub_I_blinkLeds
                0x0000000008002c68        0xe ./src/main.o
 .text._ZN3pid8pid_taskEff
                0x0000000008002c76       0xa4 ./src/pid.o
                0x0000000008002c76                pid::pid_task(float, float)
 .text.vApplicationTickHook
                0x0000000008002d1a        0x2 ./src/rtoshook.o
                0x0000000008002d1a                vApplicationTickHook
 .text.vApplicationIdleHook
                0x0000000008002d1c        0x2 ./src/rtoshook.o
                0x0000000008002d1c                vApplicationIdleHook
 .text.vApplicationStackOverflowHook
                0x0000000008002d1e       0x12 ./src/rtoshook.o
                0x0000000008002d1e                vApplicationStackOverflowHook
 .text.vApplicationGetIdleTaskMemory
                0x0000000008002d30       0x14 ./src/rtoshook.o
                0x0000000008002d30                vApplicationGetIdleTaskMemory
 .text.vApplicationGetTimerTaskMemory
                0x0000000008002d44       0x20 ./src/rtoshook.o
                0x0000000008002d44                vApplicationGetTimerTaskMemory
 .text._Z5motorf
                0x0000000008002d64       0x18 ./src/sensor.o
                0x0000000008002d64                motor(float)
 .text._Z6getRPMv
                0x0000000008002d7c       0x20 ./src/sensor.o
                0x0000000008002d7c                getRPM()
 .text._Z9getSheathv
                0x0000000008002d9c       0x20 ./src/sensor.o
                0x0000000008002d9c                getSheath()
 .text._Z11getThrottlev
                0x0000000008002dbc       0x1c ./src/sensor.o
                0x0000000008002dbc                getThrottle()
 .text.HAL_MspInit
                0x0000000008002dd8        0x2 ./src/stm32f4xx_hal_msp.o
                0x0000000008002dd8                HAL_MspInit
 *fill*         0x0000000008002dda        0x2 
 .text          0x0000000008002ddc      0x378 /opt/gcc-arm-none-eabi-9-2020-q2-update/bin/../lib/gcc/arm-none-eabi/9.3.1/thumb/v7e-m/nofp/libgcc.a(_arm_addsubdf3.o)
                0x0000000008002ddc                __aeabi_drsub
                0x0000000008002de4                __aeabi_dsub
                0x0000000008002de4                __subdf3
                0x0000000008002de8                __adddf3
                0x0000000008002de8                __aeabi_dadd
                0x0000000008003060                __aeabi_ui2d
                0x0000000008003060                __floatunsidf
                0x0000000008003080                __floatsidf
                0x0000000008003080                __aeabi_i2d
                0x00000000080030a4                __extendsfdf2
                0x00000000080030a4                __aeabi_f2d
                0x00000000080030e8                __aeabi_ul2d
                0x00000000080030e8                __floatundidf
                0x00000000080030f8                __floatdidf
                0x00000000080030f8                __aeabi_l2d
 .text          0x0000000008003154       0xa0 /opt/gcc-arm-none-eabi-9-2020-q2-update/bin/../lib/gcc/arm-none-eabi/9.3.1/thumb/v7e-m/nofp/libgcc.a(_arm_truncdfsf2.o)
                0x0000000008003154                __aeabi_d2f
                0x0000000008003154                __truncdfsf2
 .text          0x00000000080031f4      0x21c /opt/gcc-arm-none-eabi-9-2020-q2-update/bin/../lib/gcc/arm-none-eabi/9.3.1/thumb/v7e-m/nofp/libgcc.a(_arm_addsubsf3.o)
                0x00000000080031f4                __aeabi_frsub
                0x00000000080031fc                __subsf3
                0x00000000080031fc                __aeabi_fsub
                0x0000000008003200                __aeabi_fadd
                0x0000000008003200                __addsf3
                0x0000000008003360                __aeabi_ui2f
                0x0000000008003360                __floatunsisf
                0x0000000008003368                __aeabi_i2f
                0x0000000008003368                __floatsisf
                0x0000000008003384                __floatundisf
                0x0000000008003384                __aeabi_ul2f
                0x0000000008003394                __floatdisf
                0x0000000008003394                __aeabi_l2f
 .text          0x0000000008003410      0x2a0 /opt/gcc-arm-none-eabi-9-2020-q2-update/bin/../lib/gcc/arm-none-eabi/9.3.1/thumb/v7e-m/nofp/libgcc.a(_arm_muldivsf3.o)
                0x0000000008003410                __mulsf3
                0x0000000008003410                __aeabi_fmul
                0x0000000008003578                __divsf3
                0x0000000008003578                __aeabi_fdiv
 .text          0x00000000080036b0       0xec /opt/gcc-arm-none-eabi-9-2020-q2-update/bin/../lib/gcc/arm-none-eabi/9.3.1/thumb/v7e-m/nofp/libgcc.a(_arm_cmpsf2.o)
                0x00000000080036b0                __gtsf2
                0x00000000080036b0                __gesf2
                0x00000000080036b8                __lesf2
                0x00000000080036b8                __ltsf2
                0x00000000080036c0                __nesf2
                0x00000000080036c0                __eqsf2
                0x00000000080036c0                __cmpsf2
                0x0000000008003720                __aeabi_cfrcmple
                0x0000000008003728                __aeabi_cfcmple
                0x0000000008003728                __aeabi_cfcmpeq
                0x0000000008003738                __aeabi_fcmpeq
                0x000000000800374c                __aeabi_fcmplt
                0x0000000008003760                __aeabi_fcmple
                0x0000000008003774                __aeabi_fcmpge
                0x0000000008003788                __aeabi_fcmpgt
 .text          0x000000000800379c       0x4c /opt/gcc-arm-none-eabi-9-2020-q2-update/bin/../lib/gcc/arm-none-eabi/9.3.1/thumb/v7e-m/nofp/libgcc.a(_arm_fixsfsi.o)
                0x000000000800379c                __fixsfsi
                0x000000000800379c                __aeabi_f2iz
 .text.__errno  0x00000000080037e8        0xc /opt/gcc-arm-none-eabi-9-2020-q2-update/bin/../lib/gcc/arm-none-eabi/9.3.1/../../../../arm-none-eabi/lib/thumb/v7e-m/nofp/libg_nano.a(lib_a-errno.o)
                0x00000000080037e8                __errno
 .text.memcpy   0x00000000080037f4       0x1c /opt/gcc-arm-none-eabi-9-2020-q2-update/bin/../lib/gcc/arm-none-eabi/9.3.1/../../../../arm-none-eabi/lib/thumb/v7e-m/nofp/libg_nano.a(lib_a-memcpy-stub.o)
                0x00000000080037f4                memcpy
 .text.memset   0x0000000008003810       0x10 /opt/gcc-arm-none-eabi-9-2020-q2-update/bin/../lib/gcc/arm-none-eabi/9.3.1/../../../../arm-none-eabi/lib/thumb/v7e-m/nofp/libg_nano.a(lib_a-memset.o)
                0x0000000008003810                memset
 .text.__cvt    0x0000000008003820       0xc0 /opt/gcc-arm-none-eabi-9-2020-q2-update/bin/../lib/gcc/arm-none-eabi/9.3.1/../../../../arm-none-eabi/lib/thumb/v7e-m/nofp/libg_nano.a(lib_a-nano-vfprintf_float.o)
                0x0000000008003820                __cvt
 .text.__exponent
                0x00000000080038e0       0x7c /opt/gcc-arm-none-eabi-9-2020-q2-update/bin/../lib/gcc/arm-none-eabi/9.3.1/../../../../arm-none-eabi/lib/thumb/v7e-m/nofp/libg_nano.a(lib_a-nano-vfprintf_float.o)
                0x00000000080038e0                __exponent
 .text._printf_float
                0x000000000800395c      0x454 /opt/gcc-arm-none-eabi-9-2020-q2-update/bin/../lib/gcc/arm-none-eabi/9.3.1/../../../../arm-none-eabi/lib/thumb/v7e-m/nofp/libg_nano.a(lib_a-nano-vfprintf_float.o)
                0x000000000800395c                _printf_float
 .text._printf_common
                0x0000000008003db0       0xda /opt/gcc-arm-none-eabi-9-2020-q2-update/bin/../lib/gcc/arm-none-eabi/9.3.1/../../../../arm-none-eabi/lib/thumb/v7e-m/nofp/libg_nano.a(lib_a-nano-vfprintf_i.o)
                0x0000000008003db0                _printf_common
 *fill*         0x0000000008003e8a        0x2 
 .text._printf_i
                0x0000000008003e8c      0x24c /opt/gcc-arm-none-eabi-9-2020-q2-update/bin/../lib/gcc/arm-none-eabi/9.3.1/../../../../arm-none-eabi/lib/thumb/v7e-m/nofp/libg_nano.a(lib_a-nano-vfprintf_i.o)
                0x0000000008003e8c                _printf_i
 .text._scanf_float
                0x00000000080040d8      0x420 /opt/gcc-arm-none-eabi-9-2020-q2-update/bin/../lib/gcc/arm-none-eabi/9.3.1/../../../../arm-none-eabi/lib/thumb/v7e-m/nofp/libg_nano.a(lib_a-nano-vfscanf_float.o)
                0x00000000080040d8                _scanf_float
 .text.nanf     0x00000000080044f8        0x8 /opt/gcc-arm-none-eabi-9-2020-q2-update/bin/../lib/gcc/arm-none-eabi/9.3.1/../../../../arm-none-eabi/lib/thumb/v7e-m/nofp/libg_nano.a(lib_a-sf_nan.o)
                0x00000000080044f8                nanf
 .text.sprintf  0x0000000008004500       0x40 /opt/gcc-arm-none-eabi-9-2020-q2-update/bin/../lib/gcc/arm-none-eabi/9.3.1/../../../../arm-none-eabi/lib/thumb/v7e-m/nofp/libg_nano.a(lib_a-sprintf.o)
                0x0000000008004500                sprintf
                0x0000000008004500                siprintf
 .text          0x0000000008004540       0x10 /opt/gcc-arm-none-eabi-9-2020-q2-update/bin/../lib/gcc/arm-none-eabi/9.3.1/../../../../arm-none-eabi/lib/thumb/v7e-m/nofp/libg_nano.a(lib_a-strlen.o)
                0x0000000008004540                strlen
 .text.sulp     0x0000000008004550       0x42 /opt/gcc-arm-none-eabi-9-2020-q2-update/bin/../lib/gcc/arm-none-eabi/9.3.1/../../../../arm-none-eabi/lib/thumb/v7e-m/nofp/libg_nano.a(lib_a-strtod.o)
 *fill*         0x0000000008004592        0x6 
 .text._strtod_l
                0x0000000008004598      0xbe8 /opt/gcc-arm-none-eabi-9-2020-q2-update/bin/../lib/gcc/arm-none-eabi/9.3.1/../../../../arm-none-eabi/lib/thumb/v7e-m/nofp/libg_nano.a(lib_a-strtod.o)
                0x0000000008004598                _strtod_l
 .text._strtod_r
                0x0000000008005180        0xc /opt/gcc-arm-none-eabi-9-2020-q2-update/bin/../lib/gcc/arm-none-eabi/9.3.1/../../../../arm-none-eabi/lib/thumb/v7e-m/nofp/libg_nano.a(lib_a-strtod.o)
                0x0000000008005180                _strtod_r
 .text._strtol_l.isra.0
                0x000000000800518c      0x10c /opt/gcc-arm-none-eabi-9-2020-q2-update/bin/../lib/gcc/arm-none-eabi/9.3.1/../../../../arm-none-eabi/lib/thumb/v7e-m/nofp/libg_nano.a(lib_a-strtol.o)
 .text._strtol_r
                0x0000000008005298        0x4 /opt/gcc-arm-none-eabi-9-2020-q2-update/bin/../lib/gcc/arm-none-eabi/9.3.1/../../../../arm-none-eabi/lib/thumb/v7e-m/nofp/libg_nano.a(lib_a-strtol.o)
                0x0000000008005298                _strtol_r
 .text._vsnprintf_r
                0x000000000800529c       0x58 /opt/gcc-arm-none-eabi-9-2020-q2-update/bin/../lib/gcc/arm-none-eabi/9.3.1/../../../../arm-none-eabi/lib/thumb/v7e-m/nofp/libg_nano.a(lib_a-vsnprintf.o)
                0x000000000800529c                _vsnprintf_r
                0x000000000800529c                _vsniprintf_r
 .text.vsnprintf
                0x00000000080052f4       0x1c /opt/gcc-arm-none-eabi-9-2020-q2-update/bin/../lib/gcc/arm-none-eabi/9.3.1/../../../../arm-none-eabi/lib/thumb/v7e-m/nofp/libg_nano.a(lib_a-vsnprintf.o)
                0x00000000080052f4                vsnprintf
                0x00000000080052f4                vsniprintf
 .text.quorem   0x0000000008005310      0x116 /opt/gcc-arm-none-eabi-9-2020-q2-update/bin/../lib/gcc/arm-none-eabi/9.3.1/../../../../arm-none-eabi/lib/thumb/v7e-m/nofp/libg_nano.a(lib_a-dtoa.o)
 *fill*         0x0000000008005426        0x2 
 .text._dtoa_r  0x0000000008005428      0xbdc /opt/gcc-arm-none-eabi-9-2020-q2-update/bin/../lib/gcc/arm-none-eabi/9.3.1/../../../../arm-none-eabi/lib/thumb/v7e-m/nofp/libg_nano.a(lib_a-dtoa.o)
                0x0000000008005428                _dtoa_r
 .text.rshift   0x0000000008006004       0xa4 /opt/gcc-arm-none-eabi-9-2020-q2-update/bin/../lib/gcc/arm-none-eabi/9.3.1/../../../../arm-none-eabi/lib/thumb/v7e-m/nofp/libg_nano.a(lib_a-gdtoa-gethex.o)
 .text.__hexdig_fun
                0x00000000080060a8       0x2a /opt/gcc-arm-none-eabi-9-2020-q2-update/bin/../lib/gcc/arm-none-eabi/9.3.1/../../../../arm-none-eabi/lib/thumb/v7e-m/nofp/libg_nano.a(lib_a-gdtoa-gethex.o)
                0x00000000080060a8                __hexdig_fun
 *fill*         0x00000000080060d2        0x2 
 .text.__gethex
                0x00000000080060d4      0x474 /opt/gcc-arm-none-eabi-9-2020-q2-update/bin/../lib/gcc/arm-none-eabi/9.3.1/../../../../arm-none-eabi/lib/thumb/v7e-m/nofp/libg_nano.a(lib_a-gdtoa-gethex.o)
                0x00000000080060d4                __gethex
 .text.L_shift  0x0000000008006548       0x24 /opt/gcc-arm-none-eabi-9-2020-q2-update/bin/../lib/gcc/arm-none-eabi/9.3.1/../../../../arm-none-eabi/lib/thumb/v7e-m/nofp/libg_nano.a(lib_a-gdtoa-hexnan.o)
 .text.__match  0x000000000800656c       0x28 /opt/gcc-arm-none-eabi-9-2020-q2-update/bin/../lib/gcc/arm-none-eabi/9.3.1/../../../../arm-none-eabi/lib/thumb/v7e-m/nofp/libg_nano.a(lib_a-gdtoa-hexnan.o)
                0x000000000800656c                __match
 .text.__hexnan
                0x0000000008006594      0x138 /opt/gcc-arm-none-eabi-9-2020-q2-update/bin/../lib/gcc/arm-none-eabi/9.3.1/../../../../arm-none-eabi/lib/thumb/v7e-m/nofp/libg_nano.a(lib_a-gdtoa-hexnan.o)
                0x0000000008006594                __hexnan
 .text._localeconv_r
                0x00000000080066cc        0x8 /opt/gcc-arm-none-eabi-9-2020-q2-update/bin/../lib/gcc/arm-none-eabi/9.3.1/../../../../arm-none-eabi/lib/thumb/v7e-m/nofp/libg_nano.a(lib_a-localeconv.o)
                0x00000000080066cc                _localeconv_r
 .text.malloc   0x00000000080066d4       0x10 /opt/gcc-arm-none-eabi-9-2020-q2-update/bin/../lib/gcc/arm-none-eabi/9.3.1/../../../../arm-none-eabi/lib/thumb/v7e-m/nofp/libg_nano.a(lib_a-malloc.o)
                0x00000000080066d4                malloc
 .text.__ascii_mbtowc
                0x00000000080066e4       0x24 /opt/gcc-arm-none-eabi-9-2020-q2-update/bin/../lib/gcc/arm-none-eabi/9.3.1/../../../../arm-none-eabi/lib/thumb/v7e-m/nofp/libg_nano.a(lib_a-mbtowc_r.o)
                0x00000000080066e4                __ascii_mbtowc
 *fill*         0x0000000008006708        0x8 
 .text          0x0000000008006710       0xa0 /opt/gcc-arm-none-eabi-9-2020-q2-update/bin/../lib/gcc/arm-none-eabi/9.3.1/../../../../arm-none-eabi/lib/thumb/v7e-m/nofp/libg_nano.a(lib_a-memchr.o)
                0x0000000008006710                memchr
 .text._Balloc  0x00000000080067b0       0x80 /opt/gcc-arm-none-eabi-9-2020-q2-update/bin/../lib/gcc/arm-none-eabi/9.3.1/../../../../arm-none-eabi/lib/thumb/v7e-m/nofp/libg_nano.a(lib_a-mprec.o)
                0x00000000080067b0                _Balloc
 .text._Bfree   0x0000000008006830       0x44 /opt/gcc-arm-none-eabi-9-2020-q2-update/bin/../lib/gcc/arm-none-eabi/9.3.1/../../../../arm-none-eabi/lib/thumb/v7e-m/nofp/libg_nano.a(lib_a-mprec.o)
                0x0000000008006830                _Bfree
 .text.__multadd
                0x0000000008006874       0x94 /opt/gcc-arm-none-eabi-9-2020-q2-update/bin/../lib/gcc/arm-none-eabi/9.3.1/../../../../arm-none-eabi/lib/thumb/v7e-m/nofp/libg_nano.a(lib_a-mprec.o)
                0x0000000008006874                __multadd
 .text.__s2b    0x0000000008006908       0x94 /opt/gcc-arm-none-eabi-9-2020-q2-update/bin/../lib/gcc/arm-none-eabi/9.3.1/../../../../arm-none-eabi/lib/thumb/v7e-m/nofp/libg_nano.a(lib_a-mprec.o)
                0x0000000008006908                __s2b
 .text.__hi0bits
                0x000000000800699c       0x40 /opt/gcc-arm-none-eabi-9-2020-q2-update/bin/../lib/gcc/arm-none-eabi/9.3.1/../../../../arm-none-eabi/lib/thumb/v7e-m/nofp/libg_nano.a(lib_a-mprec.o)
                0x000000000800699c                __hi0bits
 .text.__lo0bits
                0x00000000080069dc       0x5c /opt/gcc-arm-none-eabi-9-2020-q2-update/bin/../lib/gcc/arm-none-eabi/9.3.1/../../../../arm-none-eabi/lib/thumb/v7e-m/nofp/libg_nano.a(lib_a-mprec.o)
                0x00000000080069dc                __lo0bits
 .text.__i2b    0x0000000008006a38       0x2c /opt/gcc-arm-none-eabi-9-2020-q2-update/bin/../lib/gcc/arm-none-eabi/9.3.1/../../../../arm-none-eabi/lib/thumb/v7e-m/nofp/libg_nano.a(lib_a-mprec.o)
                0x0000000008006a38                __i2b
 .text.__multiply
                0x0000000008006a64      0x14c /opt/gcc-arm-none-eabi-9-2020-q2-update/bin/../lib/gcc/arm-none-eabi/9.3.1/../../../../arm-none-eabi/lib/thumb/v7e-m/nofp/libg_nano.a(lib_a-mprec.o)
                0x0000000008006a64                __multiply
 .text.__pow5mult
                0x0000000008006bb0       0xb4 /opt/gcc-arm-none-eabi-9-2020-q2-update/bin/../lib/gcc/arm-none-eabi/9.3.1/../../../../arm-none-eabi/lib/thumb/v7e-m/nofp/libg_nano.a(lib_a-mprec.o)
                0x0000000008006bb0                __pow5mult
 .text.__lshift
                0x0000000008006c64       0xd8 /opt/gcc-arm-none-eabi-9-2020-q2-update/bin/../lib/gcc/arm-none-eabi/9.3.1/../../../../arm-none-eabi/lib/thumb/v7e-m/nofp/libg_nano.a(lib_a-mprec.o)
                0x0000000008006c64                __lshift
 .text.__mcmp   0x0000000008006d3c       0x36 /opt/gcc-arm-none-eabi-9-2020-q2-update/bin/../lib/gcc/arm-none-eabi/9.3.1/../../../../arm-none-eabi/lib/thumb/v7e-m/nofp/libg_nano.a(lib_a-mprec.o)
                0x0000000008006d3c                __mcmp
 *fill*         0x0000000008006d72        0x2 
 .text.__mdiff  0x0000000008006d74      0x114 /opt/gcc-arm-none-eabi-9-2020-q2-update/bin/../lib/gcc/arm-none-eabi/9.3.1/../../../../arm-none-eabi/lib/thumb/v7e-m/nofp/libg_nano.a(lib_a-mprec.o)
                0x0000000008006d74                __mdiff
 .text.__ulp    0x0000000008006e88       0x4c /opt/gcc-arm-none-eabi-9-2020-q2-update/bin/../lib/gcc/arm-none-eabi/9.3.1/../../../../arm-none-eabi/lib/thumb/v7e-m/nofp/libg_nano.a(lib_a-mprec.o)
                0x0000000008006e88                __ulp
 .text.__b2d    0x0000000008006ed4       0xa8 /opt/gcc-arm-none-eabi-9-2020-q2-update/bin/../lib/gcc/arm-none-eabi/9.3.1/../../../../arm-none-eabi/lib/thumb/v7e-m/nofp/libg_nano.a(lib_a-mprec.o)
                0x0000000008006ed4                __b2d
 .text.__d2b    0x0000000008006f7c       0xb8 /opt/gcc-arm-none-eabi-9-2020-q2-update/bin/../lib/gcc/arm-none-eabi/9.3.1/../../../../arm-none-eabi/lib/thumb/v7e-m/nofp/libg_nano.a(lib_a-mprec.o)
                0x0000000008006f7c                __d2b
 .text.__ratio  0x0000000008007034       0x5c /opt/gcc-arm-none-eabi-9-2020-q2-update/bin/../lib/gcc/arm-none-eabi/9.3.1/../../../../arm-none-eabi/lib/thumb/v7e-m/nofp/libg_nano.a(lib_a-mprec.o)
                0x0000000008007034                __ratio
 .text.__copybits
                0x0000000008007090       0x46 /opt/gcc-arm-none-eabi-9-2020-q2-update/bin/../lib/gcc/arm-none-eabi/9.3.1/../../../../arm-none-eabi/lib/thumb/v7e-m/nofp/libg_nano.a(lib_a-mprec.o)
                0x0000000008007090                __copybits
 .text.__any_on
                0x00000000080070d6       0x42 /opt/gcc-arm-none-eabi-9-2020-q2-update/bin/../lib/gcc/arm-none-eabi/9.3.1/../../../../arm-none-eabi/lib/thumb/v7e-m/nofp/libg_nano.a(lib_a-mprec.o)
                0x00000000080070d6                __any_on
 .text._calloc_r
                0x0000000008007118       0x1c /opt/gcc-arm-none-eabi-9-2020-q2-update/bin/../lib/gcc/arm-none-eabi/9.3.1/../../../../arm-none-eabi/lib/thumb/v7e-m/nofp/libg_nano.a(lib_a-nano-callocr.o)
                0x0000000008007118                _calloc_r
 .text._free_r  0x0000000008007134       0x9c /opt/gcc-arm-none-eabi-9-2020-q2-update/bin/../lib/gcc/arm-none-eabi/9.3.1/../../../../arm-none-eabi/lib/thumb/v7e-m/nofp/libg_nano.a(lib_a-nano-freer.o)
                0x0000000008007134                _free_r
 .text._malloc_r
                0x00000000080071d0       0xb4 /opt/gcc-arm-none-eabi-9-2020-q2-update/bin/../lib/gcc/arm-none-eabi/9.3.1/../../../../arm-none-eabi/lib/thumb/v7e-m/nofp/libg_nano.a(lib_a-nano-mallocr.o)
                0x00000000080071d0                _malloc_r
 .text.__ssputs_r
                0x0000000008007284       0xb6 /opt/gcc-arm-none-eabi-9-2020-q2-update/bin/../lib/gcc/arm-none-eabi/9.3.1/../../../../arm-none-eabi/lib/thumb/v7e-m/nofp/libg_nano.a(lib_a-nano-svfprintf.o)
                0x0000000008007284                __ssputs_r
 *fill*         0x000000000800733a        0x2 
 .text._svfprintf_r
                0x000000000800733c      0x200 /opt/gcc-arm-none-eabi-9-2020-q2-update/bin/../lib/gcc/arm-none-eabi/9.3.1/../../../../arm-none-eabi/lib/thumb/v7e-m/nofp/libg_nano.a(lib_a-nano-svfprintf.o)
                0x000000000800733c                _svfprintf_r
                0x000000000800733c                _svfiprintf_r
 .text.nan      0x000000000800753c        0xc /opt/gcc-arm-none-eabi-9-2020-q2-update/bin/../lib/gcc/arm-none-eabi/9.3.1/../../../../arm-none-eabi/lib/thumb/v7e-m/nofp/libg_nano.a(lib_a-s_nan.o)
                0x000000000800753c                nan
 .text._sbrk_r  0x0000000008007548       0x20 /opt/gcc-arm-none-eabi-9-2020-q2-update/bin/../lib/gcc/arm-none-eabi/9.3.1/../../../../arm-none-eabi/lib/thumb/v7e-m/nofp/libg_nano.a(lib_a-sbrkr.o)
                0x0000000008007548                _sbrk_r
 .text.strncmp  0x0000000008007568       0x24 /opt/gcc-arm-none-eabi-9-2020-q2-update/bin/../lib/gcc/arm-none-eabi/9.3.1/../../../../arm-none-eabi/lib/thumb/v7e-m/nofp/libg_nano.a(lib_a-strncmp.o)
                0x0000000008007568                strncmp
 .text.__ascii_wctomb
                0x000000000800758c       0x1a /opt/gcc-arm-none-eabi-9-2020-q2-update/bin/../lib/gcc/arm-none-eabi/9.3.1/../../../../arm-none-eabi/lib/thumb/v7e-m/nofp/libg_nano.a(lib_a-wctomb_r.o)
                0x000000000800758c                __ascii_wctomb
 .text.memmove  0x00000000080075a6       0x34 /opt/gcc-arm-none-eabi-9-2020-q2-update/bin/../lib/gcc/arm-none-eabi/9.3.1/../../../../arm-none-eabi/lib/thumb/v7e-m/nofp/libg_nano.a(lib_a-memmove.o)
                0x00000000080075a6                memmove
 *fill*         0x00000000080075da        0x2 
 .text.__malloc_lock
                0x00000000080075dc        0xc /opt/gcc-arm-none-eabi-9-2020-q2-update/bin/../lib/gcc/arm-none-eabi/9.3.1/../../../../arm-none-eabi/lib/thumb/v7e-m/nofp/libg_nano.a(lib_a-mlock.o)
                0x00000000080075dc                __malloc_lock
 .text.__malloc_unlock
                0x00000000080075e8        0xc /opt/gcc-arm-none-eabi-9-2020-q2-update/bin/../lib/gcc/arm-none-eabi/9.3.1/../../../../arm-none-eabi/lib/thumb/v7e-m/nofp/libg_nano.a(lib_a-mlock.o)
                0x00000000080075e8                __malloc_unlock
 .text._realloc_r
                0x00000000080075f4       0x4c /opt/gcc-arm-none-eabi-9-2020-q2-update/bin/../lib/gcc/arm-none-eabi/9.3.1/../../../../arm-none-eabi/lib/thumb/v7e-m/nofp/libg_nano.a(lib_a-nano-reallocr.o)
                0x00000000080075f4                _realloc_r
 .text.__retarget_lock_acquire_recursive
                0x0000000008007640        0x2 /opt/gcc-arm-none-eabi-9-2020-q2-update/bin/../lib/gcc/arm-none-eabi/9.3.1/../../../../arm-none-eabi/lib/thumb/v7e-m/nofp/libg_nano.a(lib_a-lock.o)
                0x0000000008007640                __retarget_lock_acquire_recursive
 .text.__retarget_lock_release_recursive
                0x0000000008007642        0x2 /opt/gcc-arm-none-eabi-9-2020-q2-update/bin/../lib/gcc/arm-none-eabi/9.3.1/../../../../arm-none-eabi/lib/thumb/v7e-m/nofp/libg_nano.a(lib_a-lock.o)
                0x0000000008007642                __retarget_lock_release_recursive
 .text._malloc_usable_size_r
                0x0000000008007644       0x10 /opt/gcc-arm-none-eabi-9-2020-q2-update/bin/../lib/gcc/arm-none-eabi/9.3.1/../../../../arm-none-eabi/lib/thumb/v7e-m/nofp/libg_nano.a(lib_a-nano-msizer.o)
                0x0000000008007644                _malloc_usable_size_r
 .text          0x0000000008007654      0x424 /opt/gcc-arm-none-eabi-9-2020-q2-update/bin/../lib/gcc/arm-none-eabi/9.3.1/thumb/v7e-m/nofp/libgcc.a(_arm_muldivdf3.o)
                0x0000000008007654                __aeabi_dmul
                0x0000000008007654                __muldf3
                0x00000000080078a8                __aeabi_ddiv
                0x00000000080078a8                __divdf3
 .text          0x0000000008007a78      0x110 /opt/gcc-arm-none-eabi-9-2020-q2-update/bin/../lib/gcc/arm-none-eabi/9.3.1/thumb/v7e-m/nofp/libgcc.a(_arm_cmpdf2.o)
                0x0000000008007a78                __gtdf2
                0x0000000008007a78                __gedf2
                0x0000000008007a80                __ltdf2
                0x0000000008007a80                __ledf2
                0x0000000008007a88                __cmpdf2
                0x0000000008007a88                __eqdf2
                0x0000000008007a88                __nedf2
                0x0000000008007b04                __aeabi_cdrcmple
                0x0000000008007b14                __aeabi_cdcmple
                0x0000000008007b14                __aeabi_cdcmpeq
                0x0000000008007b24                __aeabi_dcmpeq
                0x0000000008007b38                __aeabi_dcmplt
                0x0000000008007b4c                __aeabi_dcmple
                0x0000000008007b60                __aeabi_dcmpge
                0x0000000008007b74                __aeabi_dcmpgt
 .text          0x0000000008007b88       0x2c /opt/gcc-arm-none-eabi-9-2020-q2-update/bin/../lib/gcc/arm-none-eabi/9.3.1/thumb/v7e-m/nofp/libgcc.a(_arm_unorddf2.o)
                0x0000000008007b88                __aeabi_dcmpun
                0x0000000008007b88                __unorddf2
 .text          0x0000000008007bb4       0x50 /opt/gcc-arm-none-eabi-9-2020-q2-update/bin/../lib/gcc/arm-none-eabi/9.3.1/thumb/v7e-m/nofp/libgcc.a(_arm_fixdfsi.o)
                0x0000000008007bb4                __fixdfsi
                0x0000000008007bb4                __aeabi_d2iz
 .text          0x0000000008007c04       0x40 /opt/gcc-arm-none-eabi-9-2020-q2-update/bin/../lib/gcc/arm-none-eabi/9.3.1/thumb/v7e-m/nofp/libgcc.a(_arm_fixunsdfsi.o)
                0x0000000008007c04                __fixunsdfsi
                0x0000000008007c04                __aeabi_d2uiz
 .text          0x0000000008007c44       0x34 /opt/gcc-arm-none-eabi-9-2020-q2-update/bin/../lib/gcc/arm-none-eabi/9.3.1/thumb/v7e-m/nofp/libgcc.a(_fixdfdi.o)
                0x0000000008007c44                __aeabi_d2lz
                0x0000000008007c44                __fixdfdi
 .text          0x0000000008007c78       0x3c /opt/gcc-arm-none-eabi-9-2020-q2-update/bin/../lib/gcc/arm-none-eabi/9.3.1/thumb/v7e-m/nofp/libgcc.a(_fixunsdfdi.o)
                0x0000000008007c78                __aeabi_d2ulz
                0x0000000008007c78                __fixunsdfdi
 *(.rodata .rodata.* .constdata .constdata.*)
 .rodata.HAL_NVIC_SetPriorityGrouping.str1.4
                0x0000000008007cb4       0x31 ./system/src/stm32f4-hal/stm32f4xx_hal_cortex.o
 *fill*         0x0000000008007ce5        0x3 
 .rodata.HAL_RCC_OscConfig.str1.4
                0x0000000008007ce8       0x2e ./system/src/stm32f4-hal/stm32f4xx_hal_rcc.o
 *fill*         0x0000000008007d16        0x2 
 .rodata.APBAHBPrescTable
                0x0000000008007d18       0x10 ./system/src/stm32f4-hal/stm32f4xx_hal_rcc.o
                0x0000000008007d18                APBAHBPrescTable
 .rodata.abort.str1.4
                0x0000000008007d28       0x14 ./system/src/newlib/_exit.o
 .rodata.__assert_func.str1.4
                0x0000000008007d3c       0x3f ./system/src/newlib/assert.o
                                         0x43 (size before relaxing)
 *fill*         0x0000000008007d7b        0x1 
 .rodata.assert_failed.str1.4
                0x0000000008007d7c       0x2b ./system/src/newlib/assert.o
 .rodata.trace_puts.str1.4
                0x0000000008007da7       0x2b ./system/src/diag/Trace.o
                                          0x2 (size before relaxing)
 *fill*         0x0000000008007da7        0x1 
 .rodata.dumpExceptionStack.str1.4
                0x0000000008007da8      0x11a ./system/src/cortexm/exception_handlers.o
 *fill*         0x0000000008007ec2        0x2 
 .rodata.str1.4
                0x0000000008007ec4       0x2a ./system/src/cortexm/exception_handlers.o
 *fill*         0x0000000008007eee        0x2 
 .rodata.AHBPrescTable
                0x0000000008007ef0       0x10 ./system/src/cmsis/system_stm32f4xx.o
                0x0000000008007ef0                AHBPrescTable
 .rodata.vTaskStartScheduler.str1.4
                0x0000000008007f00        0x5 ./src/FreeRTOS/tasks.o
 *fill*         0x0000000008007f05        0x3 
 .rodata.prvCheckForValidListAndQueue.str1.4
                0x0000000008007f08        0x5 ./src/FreeRTOS/timers.o
 *fill*         0x0000000008007f0d        0x3 
 .rodata.xTimerCreateTimerTask.str1.4
                0x0000000008007f10        0x8 ./src/FreeRTOS/timers.o
 .rodata._Z9task1funcPv.str1.4
                0x0000000008007f18       0xcb ./src/main.o
 *fill*         0x0000000008007fe3        0x1 
 .rodata.main.str1.4
                0x0000000008007fe4        0xe ./src/main.o
 *fill*         0x0000000008007ff2        0x2 
 .rodata._Z5motorf.str1.4
                0x0000000008007ff4       0x15 ./src/sensor.o
 .rodata._printf_float.str1.1
                0x0000000008008009       0x12 /opt/gcc-arm-none-eabi-9-2020-q2-update/bin/../lib/gcc/arm-none-eabi/9.3.1/../../../../arm-none-eabi/lib/thumb/v7e-m/nofp/libg_nano.a(lib_a-nano-vfprintf_float.o)
 .rodata._printf_i.str1.1
                0x000000000800801b       0x22 /opt/gcc-arm-none-eabi-9-2020-q2-update/bin/../lib/gcc/arm-none-eabi/9.3.1/../../../../arm-none-eabi/lib/thumb/v7e-m/nofp/libg_nano.a(lib_a-nano-vfprintf_i.o)
 .rodata._scanf_float.str1.1
                0x000000000800803d        0x5 /opt/gcc-arm-none-eabi-9-2020-q2-update/bin/../lib/gcc/arm-none-eabi/9.3.1/../../../../arm-none-eabi/lib/thumb/v7e-m/nofp/libg_nano.a(lib_a-nano-vfscanf_float.o)
                                          0x6 (size before relaxing)
 .rodata._strtod_l.str1.1
                0x0000000008008042        0x5 /opt/gcc-arm-none-eabi-9-2020-q2-update/bin/../lib/gcc/arm-none-eabi/9.3.1/../../../../arm-none-eabi/lib/thumb/v7e-m/nofp/libg_nano.a(lib_a-strtod.o)
                                          0xd (size before relaxing)
 *fill*         0x0000000008008042        0x2 
 .rodata.fpi.6220
                0x0000000008008044       0x14 /opt/gcc-arm-none-eabi-9-2020-q2-update/bin/../lib/gcc/arm-none-eabi/9.3.1/../../../../arm-none-eabi/lib/thumb/v7e-m/nofp/libg_nano.a(lib_a-strtod.o)
 .rodata.fpinan.6256
                0x0000000008008058       0x14 /opt/gcc-arm-none-eabi-9-2020-q2-update/bin/../lib/gcc/arm-none-eabi/9.3.1/../../../../arm-none-eabi/lib/thumb/v7e-m/nofp/libg_nano.a(lib_a-strtod.o)
 *fill*         0x000000000800806c        0x4 
 .rodata.tinytens
                0x0000000008008070       0x28 /opt/gcc-arm-none-eabi-9-2020-q2-update/bin/../lib/gcc/arm-none-eabi/9.3.1/../../../../arm-none-eabi/lib/thumb/v7e-m/nofp/libg_nano.a(lib_a-strtod.o)
 .rodata._ctype_
                0x0000000008008098      0x101 /opt/gcc-arm-none-eabi-9-2020-q2-update/bin/../lib/gcc/arm-none-eabi/9.3.1/../../../../arm-none-eabi/lib/thumb/v7e-m/nofp/libg_nano.a(lib_a-ctype_.o)
                0x0000000008008098                _ctype_
 .rodata._dtoa_r.str1.1
                0x0000000008008199       0xb1 /opt/gcc-arm-none-eabi-9-2020-q2-update/bin/../lib/gcc/arm-none-eabi/9.3.1/../../../../arm-none-eabi/lib/thumb/v7e-m/nofp/libg_nano.a(lib_a-dtoa.o)
                                         0xb3 (size before relaxing)
 .rodata.__gethex.str1.1
                0x000000000800824a       0x84 /opt/gcc-arm-none-eabi-9-2020-q2-update/bin/../lib/gcc/arm-none-eabi/9.3.1/../../../../arm-none-eabi/lib/thumb/v7e-m/nofp/libg_nano.a(lib_a-gdtoa-gethex.o)
                                         0x95 (size before relaxing)
 .rodata.str1.1
                0x00000000080082ce        0x2 /opt/gcc-arm-none-eabi-9-2020-q2-update/bin/../lib/gcc/arm-none-eabi/9.3.1/../../../../arm-none-eabi/lib/thumb/v7e-m/nofp/libg_nano.a(lib_a-lnumeric.o)
                                          0x3 (size before relaxing)
 .rodata._C_numeric_locale
                0x00000000080082d0        0xc /opt/gcc-arm-none-eabi-9-2020-q2-update/bin/../lib/gcc/arm-none-eabi/9.3.1/../../../../arm-none-eabi/lib/thumb/v7e-m/nofp/libg_nano.a(lib_a-lnumeric.o)
                0x00000000080082d0                _C_numeric_locale
 .rodata._setlocale_r.str1.1
                0x00000000080082dc        0x8 /opt/gcc-arm-none-eabi-9-2020-q2-update/bin/../lib/gcc/arm-none-eabi/9.3.1/../../../../arm-none-eabi/lib/thumb/v7e-m/nofp/libg_nano.a(lib_a-locale.o)
                                          0x9 (size before relaxing)
 .rodata.str1.1
                0x00000000080082e4        0x2 /opt/gcc-arm-none-eabi-9-2020-q2-update/bin/../lib/gcc/arm-none-eabi/9.3.1/../../../../arm-none-eabi/lib/thumb/v7e-m/nofp/libg_nano.a(lib_a-locale.o)
 .rodata._Balloc.str1.1
                0x00000000080082e4       0x7d /opt/gcc-arm-none-eabi-9-2020-q2-update/bin/../lib/gcc/arm-none-eabi/9.3.1/../../../../arm-none-eabi/lib/thumb/v7e-m/nofp/libg_nano.a(lib_a-mprec.o)
                                         0x94 (size before relaxing)
 .rodata.__multadd.str1.1
                0x0000000008008361       0x11 /opt/gcc-arm-none-eabi-9-2020-q2-update/bin/../lib/gcc/arm-none-eabi/9.3.1/../../../../arm-none-eabi/lib/thumb/v7e-m/nofp/libg_nano.a(lib_a-mprec.o)
 *fill*         0x0000000008008361        0x7 
 .rodata.__mprec_bigtens
                0x0000000008008368       0x28 /opt/gcc-arm-none-eabi-9-2020-q2-update/bin/../lib/gcc/arm-none-eabi/9.3.1/../../../../arm-none-eabi/lib/thumb/v7e-m/nofp/libg_nano.a(lib_a-mprec.o)
                0x0000000008008368                __mprec_bigtens
 .rodata.__mprec_tens
                0x0000000008008390       0xc8 /opt/gcc-arm-none-eabi-9-2020-q2-update/bin/../lib/gcc/arm-none-eabi/9.3.1/../../../../arm-none-eabi/lib/thumb/v7e-m/nofp/libg_nano.a(lib_a-mprec.o)
                0x0000000008008390                __mprec_tens
 .rodata.p05.6150
                0x0000000008008458        0xc /opt/gcc-arm-none-eabi-9-2020-q2-update/bin/../lib/gcc/arm-none-eabi/9.3.1/../../../../arm-none-eabi/lib/thumb/v7e-m/nofp/libg_nano.a(lib_a-mprec.o)
 .rodata._svfprintf_r.str1.1
                0x0000000008008464       0x11 /opt/gcc-arm-none-eabi-9-2020-q2-update/bin/../lib/gcc/arm-none-eabi/9.3.1/../../../../arm-none-eabi/lib/thumb/v7e-m/nofp/libg_nano.a(lib_a-nano-svfprintf.o)
 *(vtable)
 *(.eh_frame*)
 *(.glue_7)
 .glue_7        0x0000000008008475        0x0 linker stubs
 *(.glue_7t)
 .glue_7t       0x0000000008008475        0x0 linker stubs

.vfp11_veneer   0x0000000008008478        0x0
 .vfp11_veneer  0x0000000008008478        0x0 linker stubs

.v4_bx          0x0000000008008478        0x0
 .v4_bx         0x0000000008008478        0x0 linker stubs

.iplt           0x0000000008008478        0x0
 .iplt          0x0000000008008478        0x0 ./system/src/stm32f4-hal/stm32f4xx_hal.o

.rel.dyn        0x0000000008008478        0x0
 .rel.iplt      0x0000000008008478        0x0 ./system/src/stm32f4-hal/stm32f4xx_hal.o

.ARM.extab
 *(.ARM.extab* .gnu.linkonce.armextab.*)
                0x0000000008008478                . = ALIGN (0x4)
                0x0000000008008478                __exidx_start = .

.ARM.exidx
 *(.ARM.exidx* .gnu.linkonce.armexidx.*)
                0x0000000008008478                __exidx_end = .
                0x0000000008008478                . = ALIGN (0x4)
                0x0000000008008478                _etext = .
                0x0000000008008478                __etext = .

.data_CCMRAM    0x0000000010000000        0x0 load address 0x0000000008008478
 FILL mask 0xff
 *(.data.CCMRAM .data.CCMRAM.*)
                0x0000000010000000                . = ALIGN (0x4)
                0x0000000008008478                _sidata = LOADADDR (.data)

.data           0x0000000020000000      0x544 load address 0x0000000008008478
 FILL mask 0xff
                0x0000000020000000                _sdata = .
                0x0000000020000000                __data_start__ = .
 *(.data_begin .data_begin.*)
 .data_begin    0x0000000020000000        0x4 ./system/src/newlib/_startup.o
 *(.data .data.*)
 .data.argv.4353
                0x0000000020000004        0x8 ./system/src/newlib/_syscalls.o
 .data.SystemCoreClock
                0x000000002000000c        0x4 ./system/src/cmsis/system_stm32f4xx.o
                0x000000002000000c                SystemCoreClock
 .data.uxCriticalNesting
                0x0000000020000010        0x4 ./src/FreeRTOS/portable/GCC/ARM_CM3/port.o
 .data.uxTopUsedPriority
                0x0000000020000014        0x4 ./src/FreeRTOS/tasks.o
                0x0000000020000014                uxTopUsedPriority
 .data.mymap    0x0000000020000018      0x138 ./src/LookUp.o
                0x0000000020000018                mymap
 .data.testdata
                0x0000000020000150      0x21c ./src/testdata.o
                0x0000000020000150                testdata
 .data._impure_ptr
                0x000000002000036c        0x4 /opt/gcc-arm-none-eabi-9-2020-q2-update/bin/../lib/gcc/arm-none-eabi/9.3.1/../../../../arm-none-eabi/lib/thumb/v7e-m/nofp/libg_nano.a(lib_a-impure.o)
                0x000000002000036c                _impure_ptr
 .data.impure_data
                0x0000000020000370       0x60 /opt/gcc-arm-none-eabi-9-2020-q2-update/bin/../lib/gcc/arm-none-eabi/9.3.1/../../../../arm-none-eabi/lib/thumb/v7e-m/nofp/libg_nano.a(lib_a-impure.o)
 .data.numempty
                0x00000000200003d0        0x2 /opt/gcc-arm-none-eabi-9-2020-q2-update/bin/../lib/gcc/arm-none-eabi/9.3.1/../../../../arm-none-eabi/lib/thumb/v7e-m/nofp/libg_nano.a(lib_a-lnumeric.o)
 *fill*         0x00000000200003d2        0x2 ff
 .data.__global_locale
                0x00000000200003d4      0x16c /opt/gcc-arm-none-eabi-9-2020-q2-update/bin/../lib/gcc/arm-none-eabi/9.3.1/../../../../arm-none-eabi/lib/thumb/v7e-m/nofp/libg_nano.a(lib_a-locale.o)
                0x00000000200003d4                __global_locale
 *(.data_end .data_end.*)
 .data_end      0x0000000020000540        0x4 ./system/src/newlib/_startup.o
                0x0000000020000544                . = ALIGN (0x4)
                0x0000000020000544                _edata = .
                0x0000000020000544                __data_end__ = .

.igot.plt       0x0000000020000544        0x0 load address 0x00000000080089bc
 .igot.plt      0x0000000020000544        0x0 ./system/src/stm32f4-hal/stm32f4xx_hal.o

.ccmram         0x0000000020000544      0xf78 load address 0x00000000080089bc
 .ccmram        0x0000000020000544      0x8b0 ./src/main.o
                0x0000000020000544                task1
                0x000000002000059c                task1stack
                0x000000002000099c                task2
                0x00000000200009f4                task2stack
 .ccmram        0x0000000020000df4      0x6c8 ./src/rtoshook.o
                0x0000000020000df4                xIdleTaskTCB
                0x0000000020000e4c                uxIdleTaskStack

.bss_CCMRAM     0x0000000010000000        0x0
 *(.bss.CCMRAM .bss.CCMRAM.*)

.bss            0x00000000200014bc      0x334
                0x00000000200014bc                __bss_start__ = .
                0x00000000200014bc                _sbss = .
 *(.bss_begin .bss_begin.*)
 .bss_begin     0x00000000200014bc        0x4 ./system/src/newlib/_startup.o
 *(.bss .bss.*)
 .bss.current_heap_end.3985
                0x00000000200014c0        0x4 ./system/src/newlib/_sbrk.o
 .bss.name.4352
                0x00000000200014c4        0x1 ./system/src/newlib/_syscalls.o
 *fill*         0x00000000200014c5        0x3 
 .bss.buf.5229  0x00000000200014c8       0x80 ./system/src/diag/Trace.o
 .bss.pxCurrentTCB
                0x0000000020001548        0x4 ./src/FreeRTOS/tasks.o
                0x0000000020001548                pxCurrentTCB
 .bss.pxDelayedTaskList
                0x000000002000154c        0x4 ./src/FreeRTOS/tasks.o
 .bss.pxOverflowDelayedTaskList
                0x0000000020001550        0x4 ./src/FreeRTOS/tasks.o
 .bss.pxReadyTasksLists
                0x0000000020001554       0x64 ./src/FreeRTOS/tasks.o
 .bss.uxCurrentNumberOfTasks
                0x00000000200015b8        0x4 ./src/FreeRTOS/tasks.o
 .bss.uxDeletedTasksWaitingCleanUp
                0x00000000200015bc        0x4 ./src/FreeRTOS/tasks.o
 .bss.uxSchedulerSuspended
                0x00000000200015c0        0x4 ./src/FreeRTOS/tasks.o
 .bss.uxTaskNumber
                0x00000000200015c4        0x4 ./src/FreeRTOS/tasks.o
 .bss.uxTopReadyPriority
                0x00000000200015c8        0x4 ./src/FreeRTOS/tasks.o
 .bss.xDelayedTaskList1
                0x00000000200015cc       0x14 ./src/FreeRTOS/tasks.o
 .bss.xDelayedTaskList2
                0x00000000200015e0       0x14 ./src/FreeRTOS/tasks.o
 .bss.xNextTaskUnblockTime
                0x00000000200015f4        0x4 ./src/FreeRTOS/tasks.o
 .bss.xNumOfOverflows
                0x00000000200015f8        0x4 ./src/FreeRTOS/tasks.o
 .bss.xPendedTicks
                0x00000000200015fc        0x4 ./src/FreeRTOS/tasks.o
 .bss.xPendingReadyList
                0x0000000020001600       0x14 ./src/FreeRTOS/tasks.o
 .bss.xSchedulerRunning
                0x0000000020001614        0x4 ./src/FreeRTOS/tasks.o
 .bss.xSuspendedTaskList
                0x0000000020001618       0x14 ./src/FreeRTOS/tasks.o
 .bss.xTasksWaitingTermination
                0x000000002000162c       0x14 ./src/FreeRTOS/tasks.o
 .bss.xTickCount
                0x0000000020001640        0x4 ./src/FreeRTOS/tasks.o
 .bss.xYieldPending
                0x0000000020001644        0x4 ./src/FreeRTOS/tasks.o
 .bss.pxCurrentTimerList
                0x0000000020001648        0x4 ./src/FreeRTOS/timers.o
 .bss.pxOverflowTimerList
                0x000000002000164c        0x4 ./src/FreeRTOS/timers.o
 .bss.ucStaticTimerQueueStorage.5118
                0x0000000020001650       0x78 ./src/FreeRTOS/timers.o
 .bss.xActiveTimerList1
                0x00000000200016c8       0x14 ./src/FreeRTOS/timers.o
 .bss.xActiveTimerList2
                0x00000000200016dc       0x14 ./src/FreeRTOS/timers.o
 .bss.xLastTime.5069
                0x00000000200016f0        0x4 ./src/FreeRTOS/timers.o
 .bss.xStaticTimerQueue.5117
                0x00000000200016f4       0x50 ./src/FreeRTOS/timers.o
 .bss.xTimerQueue
                0x0000000020001744        0x4 ./src/FreeRTOS/timers.o
 .bss.xTimerTaskHandle
                0x0000000020001748        0x4 ./src/FreeRTOS/timers.o
 .bss.blinkLeds
                0x000000002000174c       0x40 ./src/main.o
                0x000000002000174c                blinkLeds
 .bss.count     0x000000002000178c        0x4 ./src/sensor.o
                0x000000002000178c                count
 .bss.__malloc_free_list
                0x0000000020001790        0x4 /opt/gcc-arm-none-eabi-9-2020-q2-update/bin/../lib/gcc/arm-none-eabi/9.3.1/../../../../arm-none-eabi/lib/thumb/v7e-m/nofp/libg_nano.a(lib_a-nano-mallocr.o)
                0x0000000020001790                __malloc_free_list
 .bss.__malloc_sbrk_start
                0x0000000020001794        0x4 /opt/gcc-arm-none-eabi-9-2020-q2-update/bin/../lib/gcc/arm-none-eabi/9.3.1/../../../../arm-none-eabi/lib/thumb/v7e-m/nofp/libg_nano.a(lib_a-nano-mallocr.o)
                0x0000000020001794                __malloc_sbrk_start
 *(COMMON)
 COMMON         0x0000000020001798        0x4 ./system/src/stm32f4-hal/stm32f4xx_hal.o
                0x0000000020001798                uwTick
 COMMON         0x000000002000179c        0x4 ./system/src/newlib/_syscalls.o
                0x000000002000179c                errno
 COMMON         0x00000000200017a0       0x40 ./src/FreeRTOS/queue.o
                0x00000000200017a0                xQueueRegistry
 COMMON         0x00000000200017e0        0x9 /opt/gcc-arm-none-eabi-9-2020-q2-update/bin/../lib/gcc/arm-none-eabi/9.3.1/../../../../arm-none-eabi/lib/thumb/v7e-m/nofp/libg_nano.a(lib_a-lock.o)
                0x00000000200017e0                __lock___atexit_recursive_mutex
                0x00000000200017e1                __lock___arc4random_mutex
                0x00000000200017e2                __lock___env_recursive_mutex
                0x00000000200017e3                __lock___sinit_recursive_mutex
                0x00000000200017e4                __lock___malloc_recursive_mutex
                0x00000000200017e5                __lock___at_quick_exit_mutex
                0x00000000200017e6                __lock___dd_hash_mutex
                0x00000000200017e7                __lock___tz_mutex
                0x00000000200017e8                __lock___sfp_recursive_mutex
 *(.bss_end .bss_end.*)
 *fill*         0x00000000200017e9        0x3 
 .bss_end       0x00000000200017ec        0x4 ./system/src/newlib/_startup.o
                0x00000000200017f0                . = ALIGN (0x4)
                0x00000000200017f0                __bss_end__ = .
                0x00000000200017f0                _ebss = .

.noinit_CCMRAM
 *(.noinit.CCMRAM .noinit.CCMRAM.*)

.noinit         0x00000000200017f0        0x0
                0x00000000200017f0                _noinit = .
 *(.noinit .noinit.*)
                0x00000000200017f0                . = ALIGN (0x4)
                0x00000000200017f0                _end_noinit = .
                [!provide]                        PROVIDE (end = _end_noinit)
                [!provide]                        PROVIDE (_end = _end_noinit)
                [!provide]                        PROVIDE (__end = _end_noinit)
                [!provide]                        PROVIDE (__end__ = _end_noinit)

._check_stack   0x00000000200017f0      0x100
                0x00000000200018f0                . = (. + _Minimum_Stack_Size)
 *fill*         0x00000000200017f0      0x100 

.b1text
 *(.b1text)
 *(.b1rodata)
 *(.b1rodata.*)

.eb0text
 *(.eb0text)
 *(.eb0rodata)
 *(.eb0rodata.*)

.eb1text
 *(.eb1text)
 *(.eb1rodata)
 *(.eb1rodata.*)

.eb2text
 *(.eb2text)
 *(.eb2rodata)
 *(.eb2rodata.*)

.eb3text
 *(.eb3text)
 *(.eb3rodata)
 *(.eb3rodata.*)

.stab
 *(.stab)

.stabstr
 *(.stabstr)

.stab.excl
 *(.stab.excl)

.stab.exclstr
 *(.stab.exclstr)

.stab.index
 *(.stab.index)

.stab.indexstr
 *(.stab.indexstr)

.comment        0x0000000000000000       0x4c
 *(.comment)
 .comment       0x0000000000000000       0x4c ./system/src/stm32f4-hal/stm32f4xx_hal.o
                                         0x4d (size before relaxing)
 .comment       0x000000000000004c       0x4d ./system/src/stm32f4-hal/stm32f4xx_hal_cortex.o
 .comment       0x000000000000004c       0x4d ./system/src/stm32f4-hal/stm32f4xx_hal_rcc.o
 .comment       0x000000000000004c       0x4d ./system/src/newlib/_exit.o
 .comment       0x000000000000004c       0x4d ./system/src/newlib/_sbrk.o
 .comment       0x000000000000004c       0x4d ./system/src/newlib/_startup.o
 .comment       0x000000000000004c       0x4d ./system/src/newlib/_syscalls.o
 .comment       0x000000000000004c       0x4d ./system/src/newlib/assert.o
 .comment       0x000000000000004c       0x4d ./system/src/diag/Trace.o
 .comment       0x000000000000004c       0x4d ./system/src/diag/trace_impl.o
 .comment       0x000000000000004c       0x4d ./system/src/cortexm/_initialize_hardware.o
 .comment       0x000000000000004c       0x4d ./system/src/cortexm/exception_handlers.o
 .comment       0x000000000000004c       0x4d ./system/src/cmsis/system_stm32f4xx.o
 .comment       0x000000000000004c       0x4d ./system/src/cmsis/vectors_stm32f407xx.o
 .comment       0x000000000000004c       0x4d ./src/FreeRTOS/portable/MemMang/heap_1.o
 .comment       0x000000000000004c       0x4d ./src/FreeRTOS/portable/GCC/ARM_CM3/port.o
 .comment       0x000000000000004c       0x4d ./src/FreeRTOS/list.o
 .comment       0x000000000000004c       0x4d ./src/FreeRTOS/queue.o
 .comment       0x000000000000004c       0x4d ./src/FreeRTOS/tasks.o
 .comment       0x000000000000004c       0x4d ./src/FreeRTOS/timers.o
 .comment       0x000000000000004c       0x4d ./src/BlinkLed.o
 .comment       0x000000000000004c       0x4d ./src/LookUp.o
 .comment       0x000000000000004c       0x4d ./src/_initialize_hardware.o
 .comment       0x000000000000004c       0x4d ./src/main.o
 .comment       0x000000000000004c       0x4d ./src/pid.o
 .comment       0x000000000000004c       0x4d ./src/rtoshook.o
 .comment       0x000000000000004c       0x4d ./src/sensor.o
 .comment       0x000000000000004c       0x4d ./src/stm32f4xx_hal_msp.o
 .comment       0x000000000000004c       0x4d ./src/testdata.o

.ARM.attributes
                0x0000000000000000       0x2c
 .ARM.attributes
                0x0000000000000000       0x2e ./system/src/stm32f4-hal/stm32f4xx_hal.o
 .ARM.attributes
                0x000000000000002e       0x2e ./system/src/stm32f4-hal/stm32f4xx_hal_cortex.o
 .ARM.attributes
                0x000000000000005c       0x2e ./system/src/stm32f4-hal/stm32f4xx_hal_rcc.o
 .ARM.attributes
                0x000000000000008a       0x2e ./system/src/newlib/_exit.o
 .ARM.attributes
                0x00000000000000b8       0x2e ./system/src/newlib/_sbrk.o
 .ARM.attributes
                0x00000000000000e6       0x2e ./system/src/newlib/_startup.o
 .ARM.attributes
                0x0000000000000114       0x2e ./system/src/newlib/_syscalls.o
 .ARM.attributes
                0x0000000000000142       0x2e ./system/src/newlib/assert.o
 .ARM.attributes
                0x0000000000000170       0x2e ./system/src/diag/Trace.o
 .ARM.attributes
                0x000000000000019e       0x2e ./system/src/diag/trace_impl.o
 .ARM.attributes
                0x00000000000001cc       0x2e ./system/src/cortexm/_initialize_hardware.o
 .ARM.attributes
                0x00000000000001fa       0x2e ./system/src/cortexm/exception_handlers.o
 .ARM.attributes
                0x0000000000000228       0x2e ./system/src/cmsis/system_stm32f4xx.o
 .ARM.attributes
                0x0000000000000256       0x2e ./system/src/cmsis/vectors_stm32f407xx.o
 .ARM.attributes
                0x0000000000000284       0x2e ./src/FreeRTOS/portable/MemMang/heap_1.o
 .ARM.attributes
                0x00000000000002b2       0x2e ./src/FreeRTOS/portable/GCC/ARM_CM3/port.o
 .ARM.attributes
                0x00000000000002e0       0x2e ./src/FreeRTOS/list.o
 .ARM.attributes
                0x000000000000030e       0x2e ./src/FreeRTOS/queue.o
 .ARM.attributes
                0x000000000000033c       0x2e ./src/FreeRTOS/tasks.o
 .ARM.attributes
                0x000000000000036a       0x2e ./src/FreeRTOS/timers.o
 .ARM.attributes
                0x0000000000000398       0x2e ./src/BlinkLed.o
 .ARM.attributes
                0x00000000000003c6       0x2e ./src/LookUp.o
 .ARM.attributes
                0x00000000000003f4       0x2e ./src/_initialize_hardware.o
 .ARM.attributes
                0x0000000000000422       0x2e ./src/main.o
 .ARM.attributes
                0x0000000000000450       0x2e ./src/pid.o
 .ARM.attributes
                0x000000000000047e       0x2e ./src/rtoshook.o
 .ARM.attributes
                0x00000000000004ac       0x2e ./src/sensor.o
 .ARM.attributes
                0x00000000000004da       0x2e ./src/stm32f4xx_hal_msp.o
 .ARM.attributes
                0x0000000000000508       0x33 ./src/testdata.o
 .ARM.attributes
                0x000000000000053b       0x1e /opt/gcc-arm-none-eabi-9-2020-q2-update/bin/../lib/gcc/arm-none-eabi/9.3.1/thumb/v7e-m/nofp/libgcc.a(_arm_addsubdf3.o)
 .ARM.attributes
                0x0000000000000559       0x1e /opt/gcc-arm-none-eabi-9-2020-q2-update/bin/../lib/gcc/arm-none-eabi/9.3.1/thumb/v7e-m/nofp/libgcc.a(_arm_truncdfsf2.o)
 .ARM.attributes
                0x0000000000000577       0x1e /opt/gcc-arm-none-eabi-9-2020-q2-update/bin/../lib/gcc/arm-none-eabi/9.3.1/thumb/v7e-m/nofp/libgcc.a(_arm_addsubsf3.o)
 .ARM.attributes
                0x0000000000000595       0x1e /opt/gcc-arm-none-eabi-9-2020-q2-update/bin/../lib/gcc/arm-none-eabi/9.3.1/thumb/v7e-m/nofp/libgcc.a(_arm_muldivsf3.o)
 .ARM.attributes
                0x00000000000005b3       0x1e /opt/gcc-arm-none-eabi-9-2020-q2-update/bin/../lib/gcc/arm-none-eabi/9.3.1/thumb/v7e-m/nofp/libgcc.a(_arm_cmpsf2.o)
 .ARM.attributes
                0x00000000000005d1       0x1e /opt/gcc-arm-none-eabi-9-2020-q2-update/bin/../lib/gcc/arm-none-eabi/9.3.1/thumb/v7e-m/nofp/libgcc.a(_arm_fixsfsi.o)
 .ARM.attributes
                0x00000000000005ef       0x2e /opt/gcc-arm-none-eabi-9-2020-q2-update/bin/../lib/gcc/arm-none-eabi/9.3.1/../../../../arm-none-eabi/lib/thumb/v7e-m/nofp/libg_nano.a(lib_a-errno.o)
 .ARM.attributes
                0x000000000000061d       0x2e /opt/gcc-arm-none-eabi-9-2020-q2-update/bin/../lib/gcc/arm-none-eabi/9.3.1/../../../../arm-none-eabi/lib/thumb/v7e-m/nofp/libg_nano.a(lib_a-impure.o)
 .ARM.attributes
                0x000000000000064b       0x2e /opt/gcc-arm-none-eabi-9-2020-q2-update/bin/../lib/gcc/arm-none-eabi/9.3.1/../../../../arm-none-eabi/lib/thumb/v7e-m/nofp/libg_nano.a(lib_a-memcpy-stub.o)
 .ARM.attributes
                0x0000000000000679       0x2e /opt/gcc-arm-none-eabi-9-2020-q2-update/bin/../lib/gcc/arm-none-eabi/9.3.1/../../../../arm-none-eabi/lib/thumb/v7e-m/nofp/libg_nano.a(lib_a-memset.o)
 .ARM.attributes
                0x00000000000006a7       0x2e /opt/gcc-arm-none-eabi-9-2020-q2-update/bin/../lib/gcc/arm-none-eabi/9.3.1/../../../../arm-none-eabi/lib/thumb/v7e-m/nofp/libg_nano.a(lib_a-nano-vfprintf_float.o)
 .ARM.attributes
                0x00000000000006d5       0x2e /opt/gcc-arm-none-eabi-9-2020-q2-update/bin/../lib/gcc/arm-none-eabi/9.3.1/../../../../arm-none-eabi/lib/thumb/v7e-m/nofp/libg_nano.a(lib_a-nano-vfprintf_i.o)
 .ARM.attributes
                0x0000000000000703       0x2e /opt/gcc-arm-none-eabi-9-2020-q2-update/bin/../lib/gcc/arm-none-eabi/9.3.1/../../../../arm-none-eabi/lib/thumb/v7e-m/nofp/libg_nano.a(lib_a-nano-vfscanf_float.o)
 .ARM.attributes
                0x0000000000000731       0x2e /opt/gcc-arm-none-eabi-9-2020-q2-update/bin/../lib/gcc/arm-none-eabi/9.3.1/../../../../arm-none-eabi/lib/thumb/v7e-m/nofp/libg_nano.a(lib_a-sf_nan.o)
 .ARM.attributes
                0x000000000000075f       0x2e /opt/gcc-arm-none-eabi-9-2020-q2-update/bin/../lib/gcc/arm-none-eabi/9.3.1/../../../../arm-none-eabi/lib/thumb/v7e-m/nofp/libg_nano.a(lib_a-sprintf.o)
 .ARM.attributes
                0x000000000000078d       0x17 /opt/gcc-arm-none-eabi-9-2020-q2-update/bin/../lib/gcc/arm-none-eabi/9.3.1/../../../../arm-none-eabi/lib/thumb/v7e-m/nofp/libg_nano.a(lib_a-strlen.o)
 .ARM.attributes
                0x00000000000007a4       0x2e /opt/gcc-arm-none-eabi-9-2020-q2-update/bin/../lib/gcc/arm-none-eabi/9.3.1/../../../../arm-none-eabi/lib/thumb/v7e-m/nofp/libg_nano.a(lib_a-strtod.o)
 .ARM.attributes
                0x00000000000007d2       0x2e /opt/gcc-arm-none-eabi-9-2020-q2-update/bin/../lib/gcc/arm-none-eabi/9.3.1/../../../../arm-none-eabi/lib/thumb/v7e-m/nofp/libg_nano.a(lib_a-strtol.o)
 .ARM.attributes
                0x0000000000000800       0x2e /opt/gcc-arm-none-eabi-9-2020-q2-update/bin/../lib/gcc/arm-none-eabi/9.3.1/../../../../arm-none-eabi/lib/thumb/v7e-m/nofp/libg_nano.a(lib_a-vsnprintf.o)
 .ARM.attributes
                0x000000000000082e       0x2e /opt/gcc-arm-none-eabi-9-2020-q2-update/bin/../lib/gcc/arm-none-eabi/9.3.1/../../../../arm-none-eabi/lib/thumb/v7e-m/nofp/libg_nano.a(lib_a-ctype_.o)
 .ARM.attributes
                0x000000000000085c       0x2e /opt/gcc-arm-none-eabi-9-2020-q2-update/bin/../lib/gcc/arm-none-eabi/9.3.1/../../../../arm-none-eabi/lib/thumb/v7e-m/nofp/libg_nano.a(lib_a-dtoa.o)
 .ARM.attributes
                0x000000000000088a       0x2e /opt/gcc-arm-none-eabi-9-2020-q2-update/bin/../lib/gcc/arm-none-eabi/9.3.1/../../../../arm-none-eabi/lib/thumb/v7e-m/nofp/libg_nano.a(lib_a-gdtoa-gethex.o)
 .ARM.attributes
                0x00000000000008b8       0x2e /opt/gcc-arm-none-eabi-9-2020-q2-update/bin/../lib/gcc/arm-none-eabi/9.3.1/../../../../arm-none-eabi/lib/thumb/v7e-m/nofp/libg_nano.a(lib_a-gdtoa-hexnan.o)
 .ARM.attributes
                0x00000000000008e6       0x2e /opt/gcc-arm-none-eabi-9-2020-q2-update/bin/../lib/gcc/arm-none-eabi/9.3.1/../../../../arm-none-eabi/lib/thumb/v7e-m/nofp/libg_nano.a(lib_a-lnumeric.o)
 .ARM.attributes
                0x0000000000000914       0x2e /opt/gcc-arm-none-eabi-9-2020-q2-update/bin/../lib/gcc/arm-none-eabi/9.3.1/../../../../arm-none-eabi/lib/thumb/v7e-m/nofp/libg_nano.a(lib_a-locale.o)
 .ARM.attributes
                0x0000000000000942       0x2e /opt/gcc-arm-none-eabi-9-2020-q2-update/bin/../lib/gcc/arm-none-eabi/9.3.1/../../../../arm-none-eabi/lib/thumb/v7e-m/nofp/libg_nano.a(lib_a-localeconv.o)
 .ARM.attributes
                0x0000000000000970       0x2e /opt/gcc-arm-none-eabi-9-2020-q2-update/bin/../lib/gcc/arm-none-eabi/9.3.1/../../../../arm-none-eabi/lib/thumb/v7e-m/nofp/libg_nano.a(lib_a-malloc.o)
 .ARM.attributes
                0x000000000000099e       0x2e /opt/gcc-arm-none-eabi-9-2020-q2-update/bin/../lib/gcc/arm-none-eabi/9.3.1/../../../../arm-none-eabi/lib/thumb/v7e-m/nofp/libg_nano.a(lib_a-mbtowc_r.o)
 .ARM.attributes
                0x00000000000009cc       0x1c /opt/gcc-arm-none-eabi-9-2020-q2-update/bin/../lib/gcc/arm-none-eabi/9.3.1/../../../../arm-none-eabi/lib/thumb/v7e-m/nofp/libg_nano.a(lib_a-memchr.o)
 .ARM.attributes
                0x00000000000009e8       0x2e /opt/gcc-arm-none-eabi-9-2020-q2-update/bin/../lib/gcc/arm-none-eabi/9.3.1/../../../../arm-none-eabi/lib/thumb/v7e-m/nofp/libg_nano.a(lib_a-mprec.o)
 .ARM.attributes
                0x0000000000000a16       0x2e /opt/gcc-arm-none-eabi-9-2020-q2-update/bin/../lib/gcc/arm-none-eabi/9.3.1/../../../../arm-none-eabi/lib/thumb/v7e-m/nofp/libg_nano.a(lib_a-nano-callocr.o)
 .ARM.attributes
                0x0000000000000a44       0x2e /opt/gcc-arm-none-eabi-9-2020-q2-update/bin/../lib/gcc/arm-none-eabi/9.3.1/../../../../arm-none-eabi/lib/thumb/v7e-m/nofp/libg_nano.a(lib_a-nano-freer.o)
 .ARM.attributes
                0x0000000000000a72       0x2e /opt/gcc-arm-none-eabi-9-2020-q2-update/bin/../lib/gcc/arm-none-eabi/9.3.1/../../../../arm-none-eabi/lib/thumb/v7e-m/nofp/libg_nano.a(lib_a-nano-mallocr.o)
 .ARM.attributes
                0x0000000000000aa0       0x2e /opt/gcc-arm-none-eabi-9-2020-q2-update/bin/../lib/gcc/arm-none-eabi/9.3.1/../../../../arm-none-eabi/lib/thumb/v7e-m/nofp/libg_nano.a(lib_a-nano-svfprintf.o)
 .ARM.attributes
                0x0000000000000ace       0x2e /opt/gcc-arm-none-eabi-9-2020-q2-update/bin/../lib/gcc/arm-none-eabi/9.3.1/../../../../arm-none-eabi/lib/thumb/v7e-m/nofp/libg_nano.a(lib_a-s_nan.o)
 .ARM.attributes
                0x0000000000000afc       0x2e /opt/gcc-arm-none-eabi-9-2020-q2-update/bin/../lib/gcc/arm-none-eabi/9.3.1/../../../../arm-none-eabi/lib/thumb/v7e-m/nofp/libg_nano.a(lib_a-sbrkr.o)
 .ARM.attributes
                0x0000000000000b2a       0x2e /opt/gcc-arm-none-eabi-9-2020-q2-update/bin/../lib/gcc/arm-none-eabi/9.3.1/../../../../arm-none-eabi/lib/thumb/v7e-m/nofp/libg_nano.a(lib_a-strncmp.o)
 .ARM.attributes
                0x0000000000000b58       0x2e /opt/gcc-arm-none-eabi-9-2020-q2-update/bin/../lib/gcc/arm-none-eabi/9.3.1/../../../../arm-none-eabi/lib/thumb/v7e-m/nofp/libg_nano.a(lib_a-wctomb_r.o)
 .ARM.attributes
                0x0000000000000b86       0x2e /opt/gcc-arm-none-eabi-9-2020-q2-update/bin/../lib/gcc/arm-none-eabi/9.3.1/../../../../arm-none-eabi/lib/thumb/v7e-m/nofp/libg_nano.a(lib_a-memmove.o)
 .ARM.attributes
                0x0000000000000bb4       0x2e /opt/gcc-arm-none-eabi-9-2020-q2-update/bin/../lib/gcc/arm-none-eabi/9.3.1/../../../../arm-none-eabi/lib/thumb/v7e-m/nofp/libg_nano.a(lib_a-mlock.o)
 .ARM.attributes
                0x0000000000000be2       0x2e /opt/gcc-arm-none-eabi-9-2020-q2-update/bin/../lib/gcc/arm-none-eabi/9.3.1/../../../../arm-none-eabi/lib/thumb/v7e-m/nofp/libg_nano.a(lib_a-nano-reallocr.o)
 .ARM.attributes
                0x0000000000000c10       0x2e /opt/gcc-arm-none-eabi-9-2020-q2-update/bin/../lib/gcc/arm-none-eabi/9.3.1/../../../../arm-none-eabi/lib/thumb/v7e-m/nofp/libg_nano.a(lib_a-lock.o)
 .ARM.attributes
                0x0000000000000c3e       0x2e /opt/gcc-arm-none-eabi-9-2020-q2-update/bin/../lib/gcc/arm-none-eabi/9.3.1/../../../../arm-none-eabi/lib/thumb/v7e-m/nofp/libg_nano.a(lib_a-nano-msizer.o)
 .ARM.attributes
                0x0000000000000c6c       0x1e /opt/gcc-arm-none-eabi-9-2020-q2-update/bin/../lib/gcc/arm-none-eabi/9.3.1/thumb/v7e-m/nofp/libgcc.a(_arm_muldivdf3.o)
 .ARM.attributes
                0x0000000000000c8a       0x1e /opt/gcc-arm-none-eabi-9-2020-q2-update/bin/../lib/gcc/arm-none-eabi/9.3.1/thumb/v7e-m/nofp/libgcc.a(_arm_cmpdf2.o)
 .ARM.attributes
                0x0000000000000ca8       0x1e /opt/gcc-arm-none-eabi-9-2020-q2-update/bin/../lib/gcc/arm-none-eabi/9.3.1/thumb/v7e-m/nofp/libgcc.a(_arm_unorddf2.o)
 .ARM.attributes
                0x0000000000000cc6       0x1e /opt/gcc-arm-none-eabi-9-2020-q2-update/bin/../lib/gcc/arm-none-eabi/9.3.1/thumb/v7e-m/nofp/libgcc.a(_arm_fixdfsi.o)
 .ARM.attributes
                0x0000000000000ce4       0x1e /opt/gcc-arm-none-eabi-9-2020-q2-update/bin/../lib/gcc/arm-none-eabi/9.3.1/thumb/v7e-m/nofp/libgcc.a(_arm_fixunsdfsi.o)
 .ARM.attributes
                0x0000000000000d02       0x2e /opt/gcc-arm-none-eabi-9-2020-q2-update/bin/../lib/gcc/arm-none-eabi/9.3.1/thumb/v7e-m/nofp/libgcc.a(_fixdfdi.o)
 .ARM.attributes
                0x0000000000000d30       0x2e /opt/gcc-arm-none-eabi-9-2020-q2-update/bin/../lib/gcc/arm-none-eabi/9.3.1/thumb/v7e-m/nofp/libgcc.a(_fixunsdfdi.o)

.debug
 *(.debug)

.line
 *(.line)

.debug_srcinfo
 *(.debug_srcinfo)

.debug_sfnames
 *(.debug_sfnames)

.debug_aranges  0x0000000000000000      0xb00
 *(.debug_aranges)
 .debug_aranges
                0x0000000000000000       0xc0 ./system/src/stm32f4-hal/stm32f4xx_hal.o
 .debug_aranges
                0x00000000000000c0       0x98 ./system/src/stm32f4-hal/stm32f4xx_hal_cortex.o
 .debug_aranges
                0x0000000000000158       0x88 ./system/src/stm32f4-hal/stm32f4xx_hal_rcc.o
 .debug_aranges
                0x00000000000001e0       0x28 ./system/src/newlib/_exit.o
 .debug_aranges
                0x0000000000000208       0x20 ./system/src/newlib/_sbrk.o
 .debug_aranges
                0x0000000000000228       0x40 ./system/src/newlib/_startup.o
 .debug_aranges
                0x0000000000000268       0x30 ./system/src/newlib/_syscalls.o
 .debug_aranges
                0x0000000000000298       0x28 ./system/src/newlib/assert.o
 .debug_aranges
                0x00000000000002c0       0x38 ./system/src/diag/Trace.o
 .debug_aranges
                0x00000000000002f8       0x30 ./system/src/diag/trace_impl.o
 .debug_aranges
                0x0000000000000328       0x28 ./system/src/cortexm/_initialize_hardware.o
 .debug_aranges
                0x0000000000000350       0x90 ./system/src/cortexm/exception_handlers.o
 .debug_aranges
                0x00000000000003e0       0x28 ./system/src/cmsis/system_stm32f4xx.o
 .debug_aranges
                0x0000000000000408       0x20 ./system/src/cmsis/vectors_stm32f407xx.o
 .debug_aranges
                0x0000000000000428       0x38 ./src/FreeRTOS/portable/MemMang/heap_1.o
 .debug_aranges
                0x0000000000000460       0x78 ./src/FreeRTOS/portable/GCC/ARM_CM3/port.o
 .debug_aranges
                0x00000000000004d8       0x40 ./src/FreeRTOS/list.o
 .debug_aranges
                0x0000000000000518      0x148 ./src/FreeRTOS/queue.o
 .debug_aranges
                0x0000000000000660      0x200 ./src/FreeRTOS/tasks.o
 .debug_aranges
                0x0000000000000860       0xe0 ./src/FreeRTOS/timers.o
 .debug_aranges
                0x0000000000000940       0x48 ./src/BlinkLed.o
 .debug_aranges
                0x0000000000000988       0x20 ./src/LookUp.o
 .debug_aranges
                0x00000000000009a8       0x28 ./src/_initialize_hardware.o
 .debug_aranges
                0x00000000000009d0       0x40 ./src/main.o
 .debug_aranges
                0x0000000000000a10       0x20 ./src/pid.o
 .debug_aranges
                0x0000000000000a30       0x48 ./src/rtoshook.o
 .debug_aranges
                0x0000000000000a78       0x38 ./src/sensor.o
 .debug_aranges
                0x0000000000000ab0       0x38 ./src/stm32f4xx_hal_msp.o
 .debug_aranges
                0x0000000000000ae8       0x18 ./src/testdata.o

.debug_pubnames
 *(.debug_pubnames)

.debug_info     0x0000000000000000    0x1c20f
 *(.debug_info .gnu.linkonce.wi.*)
 .debug_info    0x0000000000000000     0x11e8 ./system/src/stm32f4-hal/stm32f4xx_hal.o
 .debug_info    0x00000000000011e8     0x1b31 ./system/src/stm32f4-hal/stm32f4xx_hal_cortex.o
 .debug_info    0x0000000000002d19     0x1915 ./system/src/stm32f4-hal/stm32f4xx_hal_rcc.o
 .debug_info    0x000000000000462e      0x9e7 ./system/src/newlib/_exit.o
 .debug_info    0x0000000000005015      0x9d4 ./system/src/newlib/_sbrk.o
 .debug_info    0x00000000000059e9      0x573 ./system/src/newlib/_startup.o
 .debug_info    0x0000000000005f5c      0xab9 ./system/src/newlib/_syscalls.o
 .debug_info    0x0000000000006a15      0xaaa ./system/src/newlib/assert.o
 .debug_info    0x00000000000074bf      0xbdb ./system/src/diag/Trace.o
 .debug_info    0x000000000000809a      0xc32 ./system/src/diag/trace_impl.o
 .debug_info    0x0000000000008ccc      0xb7f ./system/src/cortexm/_initialize_hardware.o
 .debug_info    0x000000000000984b     0x1296 ./system/src/cortexm/exception_handlers.o